Archive member included to satisfy reference by file (symbol)

/home/tpv/Ac6/SystemWorkbench/plugins/fr.ac6.mcu.externaltools.arm-none.linux64_1.15.0.201708311556/tools/compiler/bin/../lib/gcc/arm-none-eabi/6.3.1/thumb/v7-m/libgcc.a(_aeabi_uldivmod.o)
                              ioLibrary_Driver/Internet/SNTP/sntp.o (__aeabi_uldivmod)
/home/tpv/Ac6/SystemWorkbench/plugins/fr.ac6.mcu.externaltools.arm-none.linux64_1.15.0.201708311556/tools/compiler/bin/../lib/gcc/arm-none-eabi/6.3.1/thumb/v7-m/libgcc.a(_udivmoddi4.o)
                              /home/tpv/Ac6/SystemWorkbench/plugins/fr.ac6.mcu.externaltools.arm-none.linux64_1.15.0.201708311556/tools/compiler/bin/../lib/gcc/arm-none-eabi/6.3.1/thumb/v7-m/libgcc.a(_aeabi_uldivmod.o) (__udivmoddi4)
/home/tpv/Ac6/SystemWorkbench/plugins/fr.ac6.mcu.externaltools.arm-none.linux64_1.15.0.201708311556/tools/compiler/bin/../lib/gcc/arm-none-eabi/6.3.1/thumb/v7-m/libgcc.a(_dvmd_tls.o)
                              /home/tpv/Ac6/SystemWorkbench/plugins/fr.ac6.mcu.externaltools.arm-none.linux64_1.15.0.201708311556/tools/compiler/bin/../lib/gcc/arm-none-eabi/6.3.1/thumb/v7-m/libgcc.a(_aeabi_uldivmod.o) (__aeabi_ldiv0)
/home/tpv/Ac6/SystemWorkbench/plugins/fr.ac6.mcu.externaltools.arm-none.linux64_1.15.0.201708311556/tools/compiler/bin/../lib/gcc/arm-none-eabi/6.3.1/../../../../arm-none-eabi/lib/thumb/v7-m/libc_nano.a(lib_a-atoi.o)
                              ioLibrary_Driver/Internet/FTPClient/ftpc.o (atoi)
/home/tpv/Ac6/SystemWorkbench/plugins/fr.ac6.mcu.externaltools.arm-none.linux64_1.15.0.201708311556/tools/compiler/bin/../lib/gcc/arm-none-eabi/6.3.1/../../../../arm-none-eabi/lib/thumb/v7-m/libc_nano.a(lib_a-exit.o)
                              /home/tpv/Ac6/SystemWorkbench/plugins/fr.ac6.mcu.externaltools.arm-none.linux64_1.15.0.201708311556/tools/compiler/bin/../lib/gcc/arm-none-eabi/6.3.1/../../../../arm-none-eabi/lib/thumb/v7-m/crt0.o (exit)
/home/tpv/Ac6/SystemWorkbench/plugins/fr.ac6.mcu.externaltools.arm-none.linux64_1.15.0.201708311556/tools/compiler/bin/../lib/gcc/arm-none-eabi/6.3.1/../../../../arm-none-eabi/lib/thumb/v7-m/libc_nano.a(lib_a-impure.o)
                              /home/tpv/Ac6/SystemWorkbench/plugins/fr.ac6.mcu.externaltools.arm-none.linux64_1.15.0.201708311556/tools/compiler/bin/../lib/gcc/arm-none-eabi/6.3.1/../../../../arm-none-eabi/lib/thumb/v7-m/libc_nano.a(lib_a-exit.o) (_global_impure_ptr)
/home/tpv/Ac6/SystemWorkbench/plugins/fr.ac6.mcu.externaltools.arm-none.linux64_1.15.0.201708311556/tools/compiler/bin/../lib/gcc/arm-none-eabi/6.3.1/../../../../arm-none-eabi/lib/thumb/v7-m/libc_nano.a(lib_a-init.o)
                              /home/tpv/Ac6/SystemWorkbench/plugins/fr.ac6.mcu.externaltools.arm-none.linux64_1.15.0.201708311556/tools/compiler/bin/../lib/gcc/arm-none-eabi/6.3.1/../../../../arm-none-eabi/lib/thumb/v7-m/crt0.o (__libc_init_array)
/home/tpv/Ac6/SystemWorkbench/plugins/fr.ac6.mcu.externaltools.arm-none.linux64_1.15.0.201708311556/tools/compiler/bin/../lib/gcc/arm-none-eabi/6.3.1/../../../../arm-none-eabi/lib/thumb/v7-m/libc_nano.a(lib_a-locale.o)
                              ioLibrary_Driver/Internet/FTPServer/ftpd.o (__locale_ctype_ptr)
/home/tpv/Ac6/SystemWorkbench/plugins/fr.ac6.mcu.externaltools.arm-none.linux64_1.15.0.201708311556/tools/compiler/bin/../lib/gcc/arm-none-eabi/6.3.1/../../../../arm-none-eabi/lib/thumb/v7-m/libc_nano.a(lib_a-malloc.o)
                              ioLibrary_Driver/Internet/httpServer/httpServer.o (malloc)
/home/tpv/Ac6/SystemWorkbench/plugins/fr.ac6.mcu.externaltools.arm-none.linux64_1.15.0.201708311556/tools/compiler/bin/../lib/gcc/arm-none-eabi/6.3.1/../../../../arm-none-eabi/lib/thumb/v7-m/libc_nano.a(lib_a-mbtowc_r.o)
                              /home/tpv/Ac6/SystemWorkbench/plugins/fr.ac6.mcu.externaltools.arm-none.linux64_1.15.0.201708311556/tools/compiler/bin/../lib/gcc/arm-none-eabi/6.3.1/../../../../arm-none-eabi/lib/thumb/v7-m/libc_nano.a(lib_a-locale.o) (__ascii_mbtowc)
/home/tpv/Ac6/SystemWorkbench/plugins/fr.ac6.mcu.externaltools.arm-none.linux64_1.15.0.201708311556/tools/compiler/bin/../lib/gcc/arm-none-eabi/6.3.1/../../../../arm-none-eabi/lib/thumb/v7-m/libc_nano.a(lib_a-memcmp.o)
                              ioLibrary_Driver/Internet/MQTT/MQTTPacket/src/MQTTConnectServer.o (memcmp)
/home/tpv/Ac6/SystemWorkbench/plugins/fr.ac6.mcu.externaltools.arm-none.linux64_1.15.0.201708311556/tools/compiler/bin/../lib/gcc/arm-none-eabi/6.3.1/../../../../arm-none-eabi/lib/thumb/v7-m/libc_nano.a(lib_a-memcpy-stub.o)
                              ioLibrary_Driver/Internet/FTPServer/ftpd.o (memcpy)
/home/tpv/Ac6/SystemWorkbench/plugins/fr.ac6.mcu.externaltools.arm-none.linux64_1.15.0.201708311556/tools/compiler/bin/../lib/gcc/arm-none-eabi/6.3.1/../../../../arm-none-eabi/lib/thumb/v7-m/libc_nano.a(lib_a-memset.o)
[...]
Memory Configuration

Name             Origin             Length             Attributes
RAM              0x0000000020000000 0x0000000000005000 xrw
FLASH            0x0000000008000000 0x0000000000020000 xr
*default*        0x0000000000000000 0xffffffffffffffff

Linker script and memory map

LOAD /home/tpv/Ac6/SystemWorkbench/plugins/fr.ac6.mcu.externaltools.arm-none.linux64_1.15.0.201708311556/tools/compiler/bin/../lib/gcc/arm-none-eabi/6.3.1/thumb/v7-m/crti.o
LOAD /home/tpv/Ac6/SystemWorkbench/plugins/fr.ac6.mcu.externaltools.arm-none.linux64_1.15.0.201708311556/tools/compiler/bin/../lib/gcc/arm-none-eabi/6.3.1/thumb/v7-m/crtbegin.o
LOAD /home/tpv/Ac6/SystemWorkbench/plugins/fr.ac6.mcu.externaltools.arm-none.linux64_1.15.0.201708311556/tools/compiler/bin/../lib/gcc/arm-none-eabi/6.3.1/../../../../arm-none-eabi/lib/thumb/v7-m/crt0.o
LOAD Drivers/STM32F1xx_HAL_Driver/Src/stm32f1xx_hal.o
LOAD Drivers/STM32F1xx_HAL_Driver/Src/stm32f1xx_hal_cortex.o
LOAD Drivers/STM32F1xx_HAL_Driver/Src/stm32f1xx_hal_dma.o
LOAD Drivers/STM32F1xx_HAL_Driver/Src/stm32f1xx_hal_flash.o
LOAD Drivers/STM32F1xx_HAL_Driver/Src/stm32f1xx_hal_flash_ex.o
LOAD Drivers/STM32F1xx_HAL_Driver/Src/stm32f1xx_hal_gpio.o
LOAD Drivers/STM32F1xx_HAL_Driver/Src/stm32f1xx_hal_gpio_ex.o
LOAD Drivers/STM32F1xx_HAL_Driver/Src/stm32f1xx_hal_pwr.o
LOAD Drivers/STM32F1xx_HAL_Driver/Src/stm32f1xx_hal_rcc.o
LOAD Drivers/STM32F1xx_HAL_Driver/Src/stm32f1xx_hal_rcc_ex.o
LOAD Drivers/STM32F1xx_HAL_Driver/Src/stm32f1xx_hal_spi.o
LOAD Drivers/STM32F1xx_HAL_Driver/Src/stm32f1xx_hal_spi_ex.o
LOAD Drivers/STM32F1xx_HAL_Driver/Src/stm32f1xx_hal_tim.o
LOAD Drivers/STM32F1xx_HAL_Driver/Src/stm32f1xx_hal_tim_ex.o
LOAD Drivers/STM32F1xx_HAL_Driver/Src/stm32f1xx_hal_uart.o
LOAD Src/dweet.o
LOAD Src/gpio.o
LOAD Src/main.o
LOAD Src/spi.o
LOAD Src/stm32f1xx_hal_msp.o
LOAD Src/stm32f1xx_it.o
LOAD Src/system_stm32f1xx.o
LOAD Src/usart.o
LOAD Src/util.o
LOAD Src/wiznet_ll.o
LOAD ioLibrary_Driver/Application/loopback/loopback.o
LOAD ioLibrary_Driver/Ethernet/W5100/w5100.o
LOAD ioLibrary_Driver/Ethernet/W5100S/w5100s.o
LOAD ioLibrary_Driver/Ethernet/W5200/w5200.o
LOAD ioLibrary_Driver/Ethernet/W5300/w5300.o
LOAD ioLibrary_Driver/Ethernet/W5500/w5500.o
LOAD ioLibrary_Driver/Ethernet/socket.o
LOAD ioLibrary_Driver/Ethernet/wizchip_conf.o
LOAD ioLibrary_Driver/Internet/DHCP/dhcp.o
LOAD ioLibrary_Driver/Internet/DNS/dns.o
LOAD ioLibrary_Driver/Internet/FTPClient/ftpc.o
LOAD ioLibrary_Driver/Internet/FTPServer/ftpd.o
LOAD ioLibrary_Driver/Internet/MQTT/MQTTClient.o
LOAD ioLibrary_Driver/Internet/MQTT/mqtt_interface.o
LOAD ioLibrary_Driver/Internet/MQTT/MQTTPacket/src/MQTTConnectClient.o
LOAD ioLibrary_Driver/Internet/MQTT/MQTTPacket/src/MQTTConnectServer.o
LOAD ioLibrary_Driver/Internet/MQTT/MQTTPacket/src/MQTTDeserializePublish.o
LOAD ioLibrary_Driver/Internet/MQTT/MQTTPacket/src/MQTTFormat.o
LOAD ioLibrary_Driver/Internet/MQTT/MQTTPacket/src/MQTTPacket.o
LOAD ioLibrary_Driver/Internet/MQTT/MQTTPacket/src/MQTTSerializePublish.o
LOAD ioLibrary_Driver/Internet/MQTT/MQTTPacket/src/MQTTSubscribeClient.o
LOAD ioLibrary_Driver/Internet/MQTT/MQTTPacket/src/MQTTSubscribeServer.o
LOAD ioLibrary_Driver/Internet/MQTT/MQTTPacket/src/MQTTUnsubscribeClient.o
LOAD ioLibrary_Driver/Internet/MQTT/MQTTPacket/src/MQTTUnsubscribeServer.o
LOAD ioLibrary_Driver/Internet/SNMP/snmp.o
LOAD ioLibrary_Driver/Internet/SNMP/snmp_custom.o
LOAD ioLibrary_Driver/Internet/SNTP/sntp.o
LOAD ioLibrary_Driver/Internet/TFTP/netutil.o
LOAD ioLibrary_Driver/Internet/TFTP/tftp.o
LOAD ioLibrary_Driver/Internet/httpServer/httpParser.o
LOAD ioLibrary_Driver/Internet/httpServer/httpServer.o
LOAD ioLibrary_Driver/Internet/httpServer/httpUtil.o
LOAD startup/startup_stm32f103xb.o
LOAD /home/tpv/Ac6/SystemWorkbench/plugins/fr.ac6.mcu.externaltools.arm-none.linux64_1.15.0.201708311556/tools/compiler/bin/../lib/gcc/arm-none-eabi/6.3.1/../../../../arm-none-eabi/lib/thumb/v7-m/libm.a
START GROUP
LOAD /home/tpv/Ac6/SystemWorkbench/plugins/fr.ac6.mcu.externaltools.arm-none.linux64_1.15.0.201708311556/tools/compiler/bin/../lib/gcc/arm-none-eabi/6.3.1/thumb/v7-m/libgcc.a
LOAD /home/tpv/Ac6/SystemWorkbench/plugins/fr.ac6.mcu.externaltools.arm-none.linux64_1.15.0.201708311556/tools/compiler/bin/../lib/gcc/arm-none-eabi/6.3.1/../../../../arm-none-eabi/lib/thumb/v7-m/libc_nano.a
END GROUP
START GROUP
LOAD /home/tpv/Ac6/SystemWorkbench/plugins/fr.ac6.mcu.externaltools.arm-none.linux64_1.15.0.201708311556/tools/compiler/bin/../lib/gcc/arm-none-eabi/6.3.1/thumb/v7-m/libgcc.a
LOAD /home/tpv/Ac6/SystemWorkbench/plugins/fr.ac6.mcu.externaltools.arm-none.linux64_1.15.0.201708311556/tools/compiler/bin/../lib/gcc/arm-none-eabi/6.3.1/../../../../arm-none-eabi/lib/thumb/v7-m/libc_nano.a
LOAD /home/tpv/Ac6/SystemWorkbench/plugins/fr.ac6.mcu.externaltools.arm-none.linux64_1.15.0.201708311556/tools/compiler/bin/../lib/gcc/arm-none-eabi/6.3.1/../../../../arm-none-eabi/lib/thumb/v7-m/libnosys.a
END GROUP
START GROUP
LOAD /home/tpv/Ac6/SystemWorkbench/plugins/fr.ac6.mcu.externaltools.arm-none.linux64_1.15.0.201708311556/tools/compiler/bin/../lib/gcc/arm-none-eabi/6.3.1/thumb/v7-m/libgcc.a
LOAD /home/tpv/Ac6/SystemWorkbench/plugins/fr.ac6.mcu.externaltools.arm-none.linux64_1.15.0.201708311556/tools/compiler/bin/../lib/gcc/arm-none-eabi/6.3.1/../../../../arm-none-eabi/lib/thumb/v7-m/libc_nano.a
LOAD /home/tpv/Ac6/SystemWorkbench/plugins/fr.ac6.mcu.externaltools.arm-none.linux64_1.15.0.201708311556/tools/compiler/bin/../lib/gcc/arm-none-eabi/6.3.1/../../../../arm-none-eabi/lib/thumb/v7-m/libnosys.a
END GROUP
LOAD /home/tpv/Ac6/SystemWorkbench/plugins/fr.ac6.mcu.externaltools.arm-none.linux64_1.15.0.201708311556/tools/compiler/bin/../lib/gcc/arm-none-eabi/6.3.1/thumb/v7-m/crtend.o
LOAD /home/tpv/Ac6/SystemWorkbench/plugins/fr.ac6.mcu.externaltools.arm-none.linux64_1.15.0.201708311556/tools/compiler/bin/../lib/gcc/arm-none-eabi/6.3.1/thumb/v7-m/crtn.o
                0x0000000020005000                _estack = 0x20005000
                0x0000000000000200                _Min_Heap_Size = 0x200
                0x0000000000000400                _Min_Stack_Size = 0x400

.isr_vector     0x0000000008000000      0x10c
                0x0000000008000000                . = ALIGN (0x4)
 *(.isr_vector)
 .isr_vector    0x0000000008000000      0x10c startup/startup_stm32f103xb.o
                0x0000000008000000                g_pfnVectors
                0x000000000800010c                . = ALIGN (0x4)

.text           0x000000000800010c     0x2a40
                0x000000000800010c                . = ALIGN (0x4)
 *(.text)
 .text          0x000000000800010c       0x6c /home/tpv/Ac6/SystemWorkbench/plugins/fr.ac6.mcu.externaltools.arm-none.linux64_1.15.0.201708311556/tools/compiler/bin/../lib/gcc/arm-none-eabi/6.3.1/thumb/v7-m/crtbegin.o
 .text          0x0000000008000178       0x10 /home/tpv/Ac6/SystemWorkbench/plugins/fr.ac6.mcu.externaltools.arm-none.linux64_1.15.0.201708311556/tools/compiler/bin/../lib/gcc/arm-none-eabi/6.3.1/../../../../arm-none-eabi/lib/thumb/v7-m/libc_nano.a(lib_a-strlen.o)
                0x0000000008000178                strlen
 *(.text*)
 .text.HAL_InitTick
                0x0000000008000188       0x48 Drivers/STM32F1xx_HAL_Driver/Src/stm32f1xx_hal.o
                0x0000000008000188                HAL_InitTick
 .text.HAL_Init
                0x00000000080001d0       0x24 Drivers/STM32F1xx_HAL_Driver/Src/stm32f1xx_hal.o
                0x00000000080001d0                HAL_Init
 .text.HAL_IncTick
                0x00000000080001f4       0x18 Drivers/STM32F1xx_HAL_Driver/Src/stm32f1xx_hal.o
                0x00000000080001f4                HAL_IncTick
 .text.HAL_GetTick
                0x000000000800020c        0xc Drivers/STM32F1xx_HAL_Driver/Src/stm32f1xx_hal.o
                0x000000000800020c                HAL_GetTick
 .text.HAL_Delay
                0x0000000008000218       0x28 Drivers/STM32F1xx_HAL_Driver/Src/stm32f1xx_hal.o
                0x0000000008000218                HAL_Delay
 .text.HAL_NVIC_SetPriorityGrouping
                0x0000000008000240       0x24 Drivers/STM32F1xx_HAL_Driver/Src/stm32f1xx_hal_cortex.o
                0x0000000008000240                HAL_NVIC_SetPriorityGrouping
 .text.HAL_NVIC_SetPriority
                0x0000000008000264       0x64 Drivers/STM32F1xx_HAL_Driver/Src/stm32f1xx_hal_cortex.o
                0x0000000008000264                HAL_NVIC_SetPriority
 .text.HAL_SYSTICK_Config
                0x00000000080002c8       0x2c Drivers/STM32F1xx_HAL_Driver/Src/stm32f1xx_hal_cortex.o
                0x00000000080002c8                HAL_SYSTICK_Config
 .text.HAL_SYSTICK_CLKSourceConfig
                0x00000000080002f4       0x20 Drivers/STM32F1xx_HAL_Driver/Src/stm32f1xx_hal_cortex.o
                0x00000000080002f4                HAL_SYSTICK_CLKSourceConfig
 .text.HAL_SYSTICK_Callback
                0x0000000008000314        0x2 Drivers/STM32F1xx_HAL_Driver/Src/stm32f1xx_hal_cortex.o
                0x0000000008000314                HAL_SYSTICK_Callback
 .text.HAL_SYSTICK_IRQHandler
                0x0000000008000316        0x8 Drivers/STM32F1xx_HAL_Driver/Src/stm32f1xx_hal_cortex.o
                0x0000000008000316                HAL_SYSTICK_IRQHandler
 *fill*         0x000000000800031e        0x2 
 .text.HAL_GPIO_Init
                0x0000000008000320      0x1ec Drivers/STM32F1xx_HAL_Driver/Src/stm32f1xx_hal_gpio.o
                0x0000000008000320                HAL_GPIO_Init
 .text.HAL_GPIO_WritePin
                0x000000000800050c        0xc Drivers/STM32F1xx_HAL_Driver/Src/stm32f1xx_hal_gpio.o
                0x000000000800050c                HAL_GPIO_WritePin
 .text.RCC_Delay
                0x0000000008000518       0x2c Drivers/STM32F1xx_HAL_Driver/Src/stm32f1xx_hal_rcc.o
 .text.HAL_RCC_OscConfig
                0x0000000008000544      0x3e0 Drivers/STM32F1xx_HAL_Driver/Src/stm32f1xx_hal_rcc.o
                0x0000000008000544                HAL_RCC_OscConfig
 .text.HAL_RCC_GetSysClockFreq
                0x0000000008000924       0x6c Drivers/STM32F1xx_HAL_Driver/Src/stm32f1xx_hal_rcc.o
                0x0000000008000924                HAL_RCC_GetSysClockFreq
 .text.HAL_RCC_ClockConfig
                0x0000000008000990      0x178 Drivers/STM32F1xx_HAL_Driver/Src/stm32f1xx_hal_rcc.o
                0x0000000008000990                HAL_RCC_ClockConfig
 .text.HAL_RCC_GetHCLKFreq
                0x0000000008000b08        0xc Drivers/STM32F1xx_HAL_Driver/Src/stm32f1xx_hal_rcc.o
                0x0000000008000b08                HAL_RCC_GetHCLKFreq
 .text.HAL_RCC_GetPCLK1Freq
                0x0000000008000b14       0x20 Drivers/STM32F1xx_HAL_Driver/Src/stm32f1xx_hal_rcc.o
                0x0000000008000b14                HAL_RCC_GetPCLK1Freq
 .text.HAL_RCC_GetPCLK2Freq
                0x0000000008000b34       0x20 Drivers/STM32F1xx_HAL_Driver/Src/stm32f1xx_hal_rcc.o
                0x0000000008000b34                HAL_RCC_GetPCLK2Freq
 .text.SPI_WaitFlagStateUntilTimeout
                0x0000000008000b54       0x96 Drivers/STM32F1xx_HAL_Driver/Src/stm32f1xx_hal_spi.o
 .text.SPI_CheckFlag_BSY
                0x0000000008000bea       0x26 Drivers/STM32F1xx_HAL_Driver/Src/stm32f1xx_hal_spi.o
 .text.HAL_SPI_Transmit
                0x0000000008000c10      0x1ac Drivers/STM32F1xx_HAL_Driver/Src/stm32f1xx_hal_spi.o
                0x0000000008000c10                HAL_SPI_Transmit
 .text.HAL_SPI_TransmitReceive
                0x0000000008000dbc      0x242 Drivers/STM32F1xx_HAL_Driver/Src/stm32f1xx_hal_spi.o
                0x0000000008000dbc                HAL_SPI_TransmitReceive
 .text.HAL_SPI_Receive
                0x0000000008000ffe      0x16a Drivers/STM32F1xx_HAL_Driver/Src/stm32f1xx_hal_spi.o
                0x0000000008000ffe                HAL_SPI_Receive
 .text.HAL_SPI_Init
                0x0000000008001168       0x82 Drivers/STM32F1xx_HAL_Driver/Src/stm32f1xx_hal_spi_ex.o
                0x0000000008001168                HAL_SPI_Init
 *fill*         0x00000000080011ea        0x2 
 .text.UART_SetConfig
                0x00000000080011ec      0x1b0 Drivers/STM32F1xx_HAL_Driver/Src/stm32f1xx_hal_uart.o
 .text.HAL_UART_Init
                0x000000000800139c       0x5e Drivers/STM32F1xx_HAL_Driver/Src/stm32f1xx_hal_uart.o
                0x000000000800139c                HAL_UART_Init
 *fill*         0x00000000080013fa        0x2 
 .text.dweetsend
                0x00000000080013fc       0x88 Src/dweet.o
                0x00000000080013fc                dweetsend
 .text.MX_GPIO_Init
                0x0000000008001484       0xdc Src/gpio.o
                0x0000000008001484                MX_GPIO_Init
 .text._Error_Handler
                0x0000000008001560        0x2 Src/main.o
                0x0000000008001560                _Error_Handler
 *fill*         0x0000000008001562        0x2 
 .text.SystemClock_Config
                0x0000000008001564       0x74 Src/main.o
                0x0000000008001564                SystemClock_Config
 .text.main     0x00000000080015d8       0xe4 Src/main.o
                0x00000000080015d8                main
 .text.MX_SPI1_Init
                0x00000000080016bc       0x48 Src/spi.o
                0x00000000080016bc                MX_SPI1_Init
 .text.HAL_SPI_MspInit
                0x0000000008001704       0x58 Src/spi.o
                0x0000000008001704                HAL_SPI_MspInit
 .text.HAL_MspInit
                0x000000000800175c       0x90 Src/stm32f1xx_hal_msp.o
                0x000000000800175c                HAL_MspInit
 .text.NMI_Handler
                0x00000000080017ec        0x2 Src/stm32f1xx_it.o
                0x00000000080017ec                NMI_Handler
 .text.HardFault_Handler
                0x00000000080017ee        0x2 Src/stm32f1xx_it.o
                0x00000000080017ee                HardFault_Handler
 .text.MemManage_Handler
                0x00000000080017f0        0x2 Src/stm32f1xx_it.o
                0x00000000080017f0                MemManage_Handler
 .text.BusFault_Handler
                0x00000000080017f2        0x2 Src/stm32f1xx_it.o
                0x00000000080017f2                BusFault_Handler
 .text.UsageFault_Handler
                0x00000000080017f4        0x2 Src/stm32f1xx_it.o
                0x00000000080017f4                UsageFault_Handler
 .text.SVC_Handler
                0x00000000080017f6        0x2 Src/stm32f1xx_it.o
                0x00000000080017f6                SVC_Handler
 .text.DebugMon_Handler
                0x00000000080017f8        0x2 Src/stm32f1xx_it.o
                0x00000000080017f8                DebugMon_Handler
 .text.PendSV_Handler
                0x00000000080017fa        0x2 Src/stm32f1xx_it.o
                0x00000000080017fa                PendSV_Handler
 .text.SysTick_Handler
                0x00000000080017fc        0xc Src/stm32f1xx_it.o
                0x00000000080017fc                SysTick_Handler
 .text.SystemInit
                0x0000000008001808       0x4c Src/system_stm32f1xx.o
                0x0000000008001808                SystemInit
 .text.MX_USART2_UART_Init
                0x0000000008001854       0x3c Src/usart.o
                0x0000000008001854                MX_USART2_UART_Init
 .text.HAL_UART_MspInit
                0x0000000008001890       0x58 Src/usart.o
                0x0000000008001890                HAL_UART_MspInit
 .text.cs_sel   0x00000000080018e8       0x14 Src/wiznet_ll.o
                0x00000000080018e8                cs_sel
 .text.cs_desel
                0x00000000080018fc       0x14 Src/wiznet_ll.o
                0x00000000080018fc                cs_desel
 .text.spi_rb   0x0000000008001910       0x24 Src/wiznet_ll.o
                0x0000000008001910                spi_rb
 .text.spi_wb   0x0000000008001934       0x20 Src/wiznet_ll.o
                0x0000000008001934                spi_wb
 .text.WIZCHIP_WRITE
                0x0000000008001954       0x38 ioLibrary_Driver/Ethernet/W5100/w5100.o
                0x0000000008001954                WIZCHIP_WRITE
 .text.WIZCHIP_READ
                0x000000000800198c       0x38 ioLibrary_Driver/Ethernet/W5100/w5100.o
                0x000000000800198c                WIZCHIP_READ
 .text.WIZCHIP_WRITE_BUF
                0x00000000080019c4       0x5c ioLibrary_Driver/Ethernet/W5100/w5100.o
                0x00000000080019c4                WIZCHIP_WRITE_BUF
 .text.WIZCHIP_READ_BUF
                0x0000000008001a20       0x5c ioLibrary_Driver/Ethernet/W5100/w5100.o
                0x0000000008001a20                WIZCHIP_READ_BUF
 .text.getSn_TX_FSR
                0x0000000008001a7c       0x5a ioLibrary_Driver/Ethernet/W5100/w5100.o
                0x0000000008001a7c                getSn_TX_FSR
 *fill*         0x0000000008001ad6        0x2 
 .text.getSn_TxBASE
                0x0000000008001ad8       0x38 ioLibrary_Driver/Ethernet/W5100/w5100.o
                0x0000000008001ad8                getSn_TxBASE
 .text.wiz_send_data
                0x0000000008001b10      0x100 ioLibrary_Driver/Ethernet/W5100/w5100.o
                0x0000000008001b10                wiz_send_data
 .text.close    0x0000000008001c10       0x64 ioLibrary_Driver/Ethernet/socket.o
                0x0000000008001c10                close
 .text.socket   0x0000000008001c74      0x128 ioLibrary_Driver/Ethernet/socket.o
                0x0000000008001c74                socket
 .text.connect  0x0000000008001d9c      0x104 ioLibrary_Driver/Ethernet/socket.o
                0x0000000008001d9c                connect
 .text.send     0x0000000008001ea0      0x148 ioLibrary_Driver/Ethernet/socket.o
                0x0000000008001ea0                send
 .text.wizchip_cris_enter
                0x0000000008001fe8        0x2 ioLibrary_Driver/Ethernet/wizchip_conf.o
                0x0000000008001fe8                wizchip_cris_enter
 .text.wizchip_cris_exit
                0x0000000008001fea        0x2 ioLibrary_Driver/Ethernet/wizchip_conf.o
                0x0000000008001fea                wizchip_cris_exit
 .text.wizchip_cs_select
                0x0000000008001fec        0x2 ioLibrary_Driver/Ethernet/wizchip_conf.o
                0x0000000008001fec                wizchip_cs_select
 .text.wizchip_cs_deselect
                0x0000000008001fee        0x2 ioLibrary_Driver/Ethernet/wizchip_conf.o
                0x0000000008001fee                wizchip_cs_deselect
 .text.wizchip_bus_readdata
                0x0000000008001ff0        0x4 ioLibrary_Driver/Ethernet/wizchip_conf.o
                0x0000000008001ff0                wizchip_bus_readdata
 .text.wizchip_bus_writedata
                0x0000000008001ff4        0x4 ioLibrary_Driver/Ethernet/wizchip_conf.o
                0x0000000008001ff4                wizchip_bus_writedata
 .text.wizchip_spi_readbyte
                0x0000000008001ff8        0x4 ioLibrary_Driver/Ethernet/wizchip_conf.o
                0x0000000008001ff8                wizchip_spi_readbyte
 .text.wizchip_spi_writebyte
                0x0000000008001ffc        0x2 ioLibrary_Driver/Ethernet/wizchip_conf.o
                0x0000000008001ffc                wizchip_spi_writebyte
 *fill*         0x0000000008001ffe        0x2 
 .text.reg_wizchip_cs_cbfunc
                0x0000000008002000       0x24 ioLibrary_Driver/Ethernet/wizchip_conf.o
                0x0000000008002000                reg_wizchip_cs_cbfunc
 .text.reg_wizchip_spi_cbfunc
                0x0000000008002024       0x30 ioLibrary_Driver/Ethernet/wizchip_conf.o
                0x0000000008002024                reg_wizchip_spi_cbfunc
 .text.wizchip_sw_reset
                0x0000000008002054       0x62 ioLibrary_Driver/Ethernet/wizchip_conf.o
                0x0000000008002054                wizchip_sw_reset
 .text.wizchip_init
                0x00000000080020b6       0xce ioLibrary_Driver/Ethernet/wizchip_conf.o
                0x00000000080020b6                wizchip_init
 .text.wizchip_setnetinfo
                0x0000000008002184       0x4c ioLibrary_Driver/Ethernet/wizchip_conf.o
                0x0000000008002184                wizchip_setnetinfo
 .text.wizchip_getnetinfo
                0x00000000080021d0       0x4c ioLibrary_Driver/Ethernet/wizchip_conf.o
                0x00000000080021d0                wizchip_getnetinfo
 .text.Reset_Handler
                0x000000000800221c       0x48 startup/startup_stm32f103xb.o
                0x000000000800221c                Reset_Handler
 .text.Default_Handler
                0x0000000008002264        0x2 startup/startup_stm32f103xb.o
                0x0000000008002264                RTC_Alarm_IRQHandler
                0x0000000008002264                EXTI2_IRQHandler
                0x0000000008002264                TIM1_CC_IRQHandler
                0x0000000008002264                PVD_IRQHandler
                0x0000000008002264                EXTI3_IRQHandler
                0x0000000008002264                EXTI0_IRQHandler
                0x0000000008002264                I2C2_EV_IRQHandler
                0x0000000008002264                ADC1_2_IRQHandler
                0x0000000008002264                SPI1_IRQHandler
                0x0000000008002264                TAMPER_IRQHandler
                0x0000000008002264                DMA1_Channel4_IRQHandler
                0x0000000008002264                USART3_IRQHandler
                0x0000000008002264                RTC_IRQHandler
                0x0000000008002264                DMA1_Channel7_IRQHandler
                0x0000000008002264                CAN1_RX1_IRQHandler
                0x0000000008002264                TIM4_IRQHandler
                0x0000000008002264                I2C1_EV_IRQHandler
                0x0000000008002264                DMA1_Channel6_IRQHandler
                0x0000000008002264                TIM3_IRQHandler
                0x0000000008002264                RCC_IRQHandler
                0x0000000008002264                TIM1_TRG_COM_IRQHandler
                0x0000000008002264                DMA1_Channel1_IRQHandler
                0x0000000008002264                Default_Handler
                0x0000000008002264                EXTI15_10_IRQHandler
                0x0000000008002264                EXTI9_5_IRQHandler
                0x0000000008002264                SPI2_IRQHandler
                0x0000000008002264                DMA1_Channel5_IRQHandler
                0x0000000008002264                EXTI4_IRQHandler
                0x0000000008002264                USB_LP_CAN1_RX0_IRQHandler
                0x0000000008002264                USB_HP_CAN1_TX_IRQHandler
                0x0000000008002264                DMA1_Channel3_IRQHandler
                0x0000000008002264                TIM1_UP_IRQHandler
                0x0000000008002264                WWDG_IRQHandler
                0x0000000008002264                TIM2_IRQHandler
                0x0000000008002264                TIM1_BRK_IRQHandler
                0x0000000008002264                EXTI1_IRQHandler
                0x0000000008002264                USART2_IRQHandler
                0x0000000008002264                I2C2_ER_IRQHandler
                0x0000000008002264                DMA1_Channel2_IRQHandler
                0x0000000008002264                CAN1_SCE_IRQHandler
                0x0000000008002264                FLASH_IRQHandler
                0x0000000008002264                USART1_IRQHandler
                0x0000000008002264                I2C1_ER_IRQHandler
                0x0000000008002264                USBWakeUp_IRQHandler
 *fill*         0x0000000008002266        0x2 
 .text.__libc_init_array
                0x0000000008002268       0x48 /home/tpv/Ac6/SystemWorkbench/plugins/fr.ac6.mcu.externaltools.arm-none.linux64_1.15.0.201708311556/tools/compiler/bin/../lib/gcc/arm-none-eabi/6.3.1/../../../../arm-none-eabi/lib/thumb/v7-m/libc_nano.a(lib_a-init.o)
                0x0000000008002268                __libc_init_array
 .text.memcpy   0x00000000080022b0       0x16 /home/tpv/Ac6/SystemWorkbench/plugins/fr.ac6.mcu.externaltools.arm-none.linux64_1.15.0.201708311556/tools/compiler/bin/../lib/gcc/arm-none-eabi/6.3.1/../../../../arm-none-eabi/lib/thumb/v7-m/libc_nano.a(lib_a-memcpy-stub.o)
                0x00000000080022b0                memcpy
 .text.memset   0x00000000080022c6       0x10 /home/tpv/Ac6/SystemWorkbench/plugins/fr.ac6.mcu.externaltools.arm-none.linux64_1.15.0.201708311556/tools/compiler/bin/../lib/gcc/arm-none-eabi/6.3.1/../../../../arm-none-eabi/lib/thumb/v7-m/libc_nano.a(lib_a-memset.o)
                0x00000000080022c6                memset
 *fill*         0x00000000080022d6        0x2 
 .text._free_r  0x00000000080022d8       0x98 /home/tpv/Ac6/SystemWorkbench/plugins/fr.ac6.mcu.externaltools.arm-none.linux64_1.15.0.201708311556/tools/compiler/bin/../lib/gcc/arm-none-eabi/6.3.1/../../../../arm-none-eabi/lib/thumb/v7-m/libc_nano.a(lib_a-nano-freer.o)
                0x00000000080022d8                _free_r
 .text._malloc_r
                0x0000000008002370       0xbc /home/tpv/Ac6/SystemWorkbench/plugins/fr.ac6.mcu.externaltools.arm-none.linux64_1.15.0.201708311556/tools/compiler/bin/../lib/gcc/arm-none-eabi/6.3.1/../../../../arm-none-eabi/lib/thumb/v7-m/libc_nano.a(lib_a-nano-mallocr.o)
                0x0000000008002370                _malloc_r
 .text._sbrk_r  0x000000000800242c       0x20 /home/tpv/Ac6/SystemWorkbench/plugins/fr.ac6.mcu.externaltools.arm-none.linux64_1.15.0.201708311556/tools/compiler/bin/../lib/gcc/arm-none-eabi/6.3.1/../../../../arm-none-eabi/lib/thumb/v7-m/libc_nano.a(lib_a-sbrkr.o)
                0x000000000800242c                _sbrk_r
 .text.sprintf  0x000000000800244c       0x48 /home/tpv/Ac6/SystemWorkbench/plugins/fr.ac6.mcu.externaltools.arm-none.linux64_1.15.0.201708311556/tools/compiler/bin/../lib/gcc/arm-none-eabi/6.3.1/../../../../arm-none-eabi/lib/thumb/v7-m/libc_nano.a(lib_a-sprintf.o)
                0x000000000800244c                sprintf
                0x000000000800244c                siprintf
 .text.__malloc_lock
                0x0000000008002494        0x2 /home/tpv/Ac6/SystemWorkbench/plugins/fr.ac6.mcu.externaltools.arm-none.linux64_1.15.0.201708311556/tools/compiler/bin/../lib/gcc/arm-none-eabi/6.3.1/../../../../arm-none-eabi/lib/thumb/v7-m/libc_nano.a(lib_a-mlock.o)
                0x0000000008002494                __malloc_lock
 .text.__malloc_unlock
                0x0000000008002496        0x2 /home/tpv/Ac6/SystemWorkbench/plugins/fr.ac6.mcu.externaltools.arm-none.linux64_1.15.0.201708311556/tools/compiler/bin/../lib/gcc/arm-none-eabi/6.3.1/../../../../arm-none-eabi/lib/thumb/v7-m/libc_nano.a(lib_a-mlock.o)
                0x0000000008002496                __malloc_unlock
 .text.__ssputs_r
                0x0000000008002498       0xb6 /home/tpv/Ac6/SystemWorkbench/plugins/fr.ac6.mcu.externaltools.arm-none.linux64_1.15.0.201708311556/tools/compiler/bin/../lib/gcc/arm-none-eabi/6.3.1/../../../../arm-none-eabi/lib/thumb/v7-m/libc_nano.a(lib_a-nano-svfprintf.o)
                0x0000000008002498                __ssputs_r
 *fill*         0x000000000800254e        0x2 
 .text._svfprintf_r
                0x0000000008002550      0x1e8 /home/tpv/Ac6/SystemWorkbench/plugins/fr.ac6.mcu.externaltools.arm-none.linux64_1.15.0.201708311556/tools/compiler/bin/../lib/gcc/arm-none-eabi/6.3.1/../../../../arm-none-eabi/lib/thumb/v7-m/libc_nano.a(lib_a-nano-svfprintf.o)
                0x0000000008002550                _svfprintf_r
                0x0000000008002550                _svfiprintf_r
 .text._printf_common
                0x0000000008002738       0xee /home/tpv/Ac6/SystemWorkbench/plugins/fr.ac6.mcu.externaltools.arm-none.linux64_1.15.0.201708311556/tools/compiler/bin/../lib/gcc/arm-none-eabi/6.3.1/../../../../arm-none-eabi/lib/thumb/v7-m/libc_nano.a(lib_a-nano-vfprintf_i.o)
                0x0000000008002738                _printf_common
 *fill*         0x0000000008002826        0x2 
 .text._printf_i
                0x0000000008002828      0x240 /home/tpv/Ac6/SystemWorkbench/plugins/fr.ac6.mcu.externaltools.arm-none.linux64_1.15.0.201708311556/tools/compiler/bin/../lib/gcc/arm-none-eabi/6.3.1/../../../../arm-none-eabi/lib/thumb/v7-m/libc_nano.a(lib_a-nano-vfprintf_i.o)
                0x0000000008002828                _printf_i
 .text.memchr   0x0000000008002a68       0x1c /home/tpv/Ac6/SystemWorkbench/plugins/fr.ac6.mcu.externaltools.arm-none.linux64_1.15.0.201708311556/tools/compiler/bin/../lib/gcc/arm-none-eabi/6.3.1/../../../../arm-none-eabi/lib/thumb/v7-m/libc_nano.a(lib_a-memchr-stub.o)
                0x0000000008002a68                memchr
 .text.memmove  0x0000000008002a84       0x34 /home/tpv/Ac6/SystemWorkbench/plugins/fr.ac6.mcu.externaltools.arm-none.linux64_1.15.0.201708311556/tools/compiler/bin/../lib/gcc/arm-none-eabi/6.3.1/../../../../arm-none-eabi/lib/thumb/v7-m/libc_nano.a(lib_a-memmove.o)
                0x0000000008002a84                memmove
 .text._realloc_r
                0x0000000008002ab8       0x4c /home/tpv/Ac6/SystemWorkbench/plugins/fr.ac6.mcu.externaltools.arm-none.linux64_1.15.0.201708311556/tools/compiler/bin/../lib/gcc/arm-none-eabi/6.3.1/../../../../arm-none-eabi/lib/thumb/v7-m/libc_nano.a(lib_a-nano-reallocr.o)
                0x0000000008002ab8                _realloc_r
 .text._malloc_usable_size_r
                0x0000000008002b04       0x12 /home/tpv/Ac6/SystemWorkbench/plugins/fr.ac6.mcu.externaltools.arm-none.linux64_1.15.0.201708311556/tools/compiler/bin/../lib/gcc/arm-none-eabi/6.3.1/../../../../arm-none-eabi/lib/thumb/v7-m/libc_nano.a(lib_a-nano-msizer.o)
                0x0000000008002b04                _malloc_usable_size_r
 *fill*         0x0000000008002b16        0x2 
 .text._sbrk    0x0000000008002b18       0x1c /home/tpv/Ac6/SystemWorkbench/plugins/fr.ac6.mcu.externaltools.arm-none.linux64_1.15.0.201708311556/tools/compiler/bin/../lib/gcc/arm-none-eabi/6.3.1/../../../../arm-none-eabi/lib/thumb/v7-m/libnosys.a(sbrk.o)
                0x0000000008002b18                _sbrk
 *(.glue_7)
 .glue_7        0x0000000008002b34        0x0 linker stubs
 *(.glue_7t)
 .glue_7t       0x0000000008002b34        0x0 linker stubs
 *(.eh_frame)
 .eh_frame      0x0000000008002b34        0x0 /home/tpv/Ac6/SystemWorkbench/plugins/fr.ac6.mcu.externaltools.arm-none.linux64_1.15.0.201708311556/tools/compiler/bin/../lib/gcc/arm-none-eabi/6.3.1/thumb/v7-m/crtbegin.o
 *(.init)
 .init          0x0000000008002b34        0x4 /home/tpv/Ac6/SystemWorkbench/plugins/fr.ac6.mcu.externaltools.arm-none.linux64_1.15.0.201708311556/tools/compiler/bin/../lib/gcc/arm-none-eabi/6.3.1/thumb/v7-m/crti.o
                0x0000000008002b34                _init
 .init          0x0000000008002b38        0x8 /home/tpv/Ac6/SystemWorkbench/plugins/fr.ac6.mcu.externaltools.arm-none.linux64_1.15.0.201708311556/tools/compiler/bin/../lib/gcc/arm-none-eabi/6.3.1/thumb/v7-m/crtn.o
 *(.fini)
 .fini          0x0000000008002b40        0x4 /home/tpv/Ac6/SystemWorkbench/plugins/fr.ac6.mcu.externaltools.arm-none.linux64_1.15.0.201708311556/tools/compiler/bin/../lib/gcc/arm-none-eabi/6.3.1/thumb/v7-m/crti.o
                0x0000000008002b40                _fini
 .fini          0x0000000008002b44        0x8 /home/tpv/Ac6/SystemWorkbench/plugins/fr.ac6.mcu.externaltools.arm-none.linux64_1.15.0.201708311556/tools/compiler/bin/../lib/gcc/arm-none-eabi/6.3.1/thumb/v7-m/crtn.o
                0x0000000008002b4c                . = ALIGN (0x4)
                0x0000000008002b4c                _etext = .

.vfp11_veneer   0x0000000008002b4c        0x0
 .vfp11_veneer  0x0000000008002b4c        0x0 linker stubs

.v4_bx          0x0000000008002b4c        0x0
 .v4_bx         0x0000000008002b4c        0x0 linker stubs

.iplt           0x0000000008002b4c        0x0
 .iplt          0x0000000008002b4c        0x0 /home/tpv/Ac6/SystemWorkbench/plugins/fr.ac6.mcu.externaltools.arm-none.linux64_1.15.0.201708311556/tools/compiler/bin/../lib/gcc/arm-none-eabi/6.3.1/thumb/v7-m/crtbegin.o

.rodata         0x0000000008002b4c      0x1c8
                0x0000000008002b4c                . = ALIGN (0x4)
 *(.rodata)
 .rodata        0x0000000008002b4c       0x12 Drivers/STM32F1xx_HAL_Driver/Src/stm32f1xx_hal_rcc.o
 *fill*         0x0000000008002b5e        0x2 
 .rodata        0x0000000008002b60        0x4 Src/main.o
 .rodata        0x0000000008002b64       0x18 Src/system_stm32f1xx.o
                0x0000000008002b64                AHBPrescTable
                0x0000000008002b74                APBPrescTable
 *(.rodata*)
 .rodata.str1.4
                0x0000000008002b7c       0xae Src/dweet.o
 *fill*         0x0000000008002c2a        0x2 
 .rodata.str1.4
                0x0000000008002c2c       0x31 Src/main.o
 *fill*         0x0000000008002c5d        0x3 
 .rodata.str1.4
                0x0000000008002c60        0xd Src/spi.o
 *fill*         0x0000000008002c6d        0x3 
 .rodata.str1.4
                0x0000000008002c70       0x10 Src/usart.o
                                          0xf (size before relaxing)
 .rodata.__sf_fake_stderr
                0x0000000008002c80       0x20 /home/tpv/Ac6/SystemWorkbench/plugins/fr.ac6.mcu.externaltools.arm-none.linux64_1.15.0.201708311556/tools/compiler/bin/../lib/gcc/arm-none-eabi/6.3.1/../../../../arm-none-eabi/lib/thumb/v7-m/libc_nano.a(lib_a-findfp.o)
                0x0000000008002c80                __sf_fake_stderr
 .rodata.__sf_fake_stdin
                0x0000000008002ca0       0x20 /home/tpv/Ac6/SystemWorkbench/plugins/fr.ac6.mcu.externaltools.arm-none.linux64_1.15.0.201708311556/tools/compiler/bin/../lib/gcc/arm-none-eabi/6.3.1/../../../../arm-none-eabi/lib/thumb/v7-m/libc_nano.a(lib_a-findfp.o)
                0x0000000008002ca0                __sf_fake_stdin
 .rodata.__sf_fake_stdout
                0x0000000008002cc0       0x20 /home/tpv/Ac6/SystemWorkbench/plugins/fr.ac6.mcu.externaltools.arm-none.linux64_1.15.0.201708311556/tools/compiler/bin/../lib/gcc/arm-none-eabi/6.3.1/../../../../arm-none-eabi/lib/thumb/v7-m/libc_nano.a(lib_a-findfp.o)
                0x0000000008002cc0                __sf_fake_stdout
 .rodata._svfprintf_r.str1.1
                0x0000000008002ce0       0x11 /home/tpv/Ac6/SystemWorkbench/plugins/fr.ac6.mcu.externaltools.arm-none.linux64_1.15.0.201708311556/tools/compiler/bin/../lib/gcc/arm-none-eabi/6.3.1/../../../../arm-none-eabi/lib/thumb/v7-m/libc_nano.a(lib_a-nano-svfprintf.o)
 .rodata._printf_i.str1.1
                0x0000000008002cf1       0x22 /home/tpv/Ac6/SystemWorkbench/plugins/fr.ac6.mcu.externaltools.arm-none.linux64_1.15.0.201708311556/tools/compiler/bin/../lib/gcc/arm-none-eabi/6.3.1/../../../../arm-none-eabi/lib/thumb/v7-m/libc_nano.a(lib_a-nano-vfprintf_i.o)
                0x0000000008002d14                . = ALIGN (0x4)
 *fill*         0x0000000008002d13        0x1 

.rel.dyn        0x0000000008002d14        0x0
 .rel.iplt      0x0000000008002d14        0x0 /home/tpv/Ac6/SystemWorkbench/plugins/fr.ac6.mcu.externaltools.arm-none.linux64_1.15.0.201708311556/tools/compiler/bin/../lib/gcc/arm-none-eabi/6.3.1/thumb/v7-m/crtbegin.o

.ARM.extab
 *(.ARM.extab* .gnu.linkonce.armextab.*)

.ARM            0x0000000008002d14        0x0
                0x0000000008002d14                __exidx_start = .
 *(.ARM.exidx*)
                0x0000000008002d14                __exidx_end = .

.preinit_array  0x0000000008002d14        0x0
                0x0000000008002d14                PROVIDE (__preinit_array_start, .)
 *(.preinit_array*)
                0x0000000008002d14                PROVIDE (__preinit_array_end, .)

.init_array     0x0000000008002d14        0x4
                0x0000000008002d14                PROVIDE (__init_array_start, .)
 *(SORT(.init_array.*))
 *(.init_array*)
 .init_array    0x0000000008002d14        0x4 /home/tpv/Ac6/SystemWorkbench/plugins/fr.ac6.mcu.externaltools.arm-none.linux64_1.15.0.201708311556/tools/compiler/bin/../lib/gcc/arm-none-eabi/6.3.1/thumb/v7-m/crtbegin.o
                0x0000000008002d18                PROVIDE (__init_array_end, .)

.fini_array     0x0000000008002d18        0x4
                [!provide]                        PROVIDE (__fini_array_start, .)
 *(SORT(.fini_array.*))
 *(.fini_array*)
 .fini_array    0x0000000008002d18        0x4 /home/tpv/Ac6/SystemWorkbench/plugins/fr.ac6.mcu.externaltools.arm-none.linux64_1.15.0.201708311556/tools/compiler/bin/../lib/gcc/arm-none-eabi/6.3.1/thumb/v7-m/crtbegin.o
                [!provide]                        PROVIDE (__fini_array_end, .)
                0x0000000008002d1c                _sidata = LOADADDR (.data)

.data           0x0000000020000000       0xa4 load address 0x0000000008002d1c
                0x0000000020000000                . = ALIGN (0x4)
                0x0000000020000000                _sdata = .
 *(.data)
 .data          0x0000000020000000        0x8 Drivers/STM32F1xx_HAL_Driver/Src/stm32f1xx_hal.o
                0x0000000020000000                uwTickFreq
                0x0000000020000004                uwTickPrio
 .data          0x0000000020000008        0x8 Src/dweet.o
                0x0000000020000008                port_server
                0x000000002000000a                Sn
                0x000000002000000c                ip_server
 .data          0x0000000020000010        0x4 Src/system_stm32f1xx.o
                0x0000000020000010                SystemCoreClock
 .data          0x0000000020000014        0x2 ioLibrary_Driver/Ethernet/socket.o
 *fill*         0x0000000020000016        0x2 
 .data          0x0000000020000018       0x28 ioLibrary_Driver/Ethernet/wizchip_conf.o
                0x0000000020000018                WIZCHIP
 *(.data*)
 .data._impure_ptr
                0x0000000020000040        0x4 /home/tpv/Ac6/SystemWorkbench/plugins/fr.ac6.mcu.externaltools.arm-none.linux64_1.15.0.201708311556/tools/compiler/bin/../lib/gcc/arm-none-eabi/6.3.1/../../../../arm-none-eabi/lib/thumb/v7-m/libc_nano.a(lib_a-impure.o)
                0x0000000020000040                _impure_ptr
 .data.impure_data
                0x0000000020000044       0x60 /home/tpv/Ac6/SystemWorkbench/plugins/fr.ac6.mcu.externaltools.arm-none.linux64_1.15.0.201708311556/tools/compiler/bin/../lib/gcc/arm-none-eabi/6.3.1/../../../../arm-none-eabi/lib/thumb/v7-m/libc_nano.a(lib_a-impure.o)
                0x00000000200000a4                . = ALIGN (0x4)
                0x00000000200000a4                _edata = .

.jcr            0x00000000200000a4        0x0 load address 0x0000000008002dc0
 .jcr           0x00000000200000a4        0x0 /home/tpv/Ac6/SystemWorkbench/plugins/fr.ac6.mcu.externaltools.arm-none.linux64_1.15.0.201708311556/tools/compiler/bin/../lib/gcc/arm-none-eabi/6.3.1/thumb/v7-m/crtbegin.o

.igot.plt       0x00000000200000a4        0x0 load address 0x0000000008002dc0
 .igot.plt      0x00000000200000a4        0x0 /home/tpv/Ac6/SystemWorkbench/plugins/fr.ac6.mcu.externaltools.arm-none.linux64_1.15.0.201708311556/tools/compiler/bin/../lib/gcc/arm-none-eabi/6.3.1/thumb/v7-m/crtbegin.o
                0x00000000200000a4                . = ALIGN (0x4)

.bss            0x00000000200000a4       0xe0 load address 0x0000000008002dc0
                0x00000000200000a4                _sbss = .
                0x00000000200000a4                __bss_start__ = _sbss
 *(.bss)
 .bss           0x00000000200000a4       0x1c /home/tpv/Ac6/SystemWorkbench/plugins/fr.ac6.mcu.externaltools.arm-none.linux64_1.15.0.201708311556/tools/compiler/bin/../lib/gcc/arm-none-eabi/6.3.1/thumb/v7-m/crtbegin.o
 .bss           0x00000000200000c0       0x10 ioLibrary_Driver/Ethernet/socket.o
                0x00000000200000cc                sock_pack_info
 .bss           0x00000000200000d0        0x5 ioLibrary_Driver/Ethernet/wizchip_conf.o
 *(.bss*)
 *fill*         0x00000000200000d5        0x3 
 .bss.__malloc_free_list
                0x00000000200000d8        0x4 /home/tpv/Ac6/SystemWorkbench/plugins/fr.ac6.mcu.externaltools.arm-none.linux64_1.15.0.201708311556/tools/compiler/bin/../lib/gcc/arm-none-eabi/6.3.1/../../../../arm-none-eabi/lib/thumb/v7-m/libc_nano.a(lib_a-nano-mallocr.o)
                0x00000000200000d8                __malloc_free_list
 .bss.__malloc_sbrk_start
                0x00000000200000dc        0x4 /home/tpv/Ac6/SystemWorkbench/plugins/fr.ac6.mcu.externaltools.arm-none.linux64_1.15.0.201708311556/tools/compiler/bin/../lib/gcc/arm-none-eabi/6.3.1/../../../../arm-none-eabi/lib/thumb/v7-m/libc_nano.a(lib_a-nano-mallocr.o)
                0x00000000200000dc                __malloc_sbrk_start
 .bss.heap_end.4116
                0x00000000200000e0        0x4 /home/tpv/Ac6/SystemWorkbench/plugins/fr.ac6.mcu.externaltools.arm-none.linux64_1.15.0.201708311556/tools/compiler/bin/../lib/gcc/arm-none-eabi/6.3.1/../../../../arm-none-eabi/lib/thumb/v7-m/libnosys.a(sbrk.o)
 *(COMMON)
 COMMON         0x00000000200000e4        0x4 Drivers/STM32F1xx_HAL_Driver/Src/stm32f1xx_hal.o
                0x00000000200000e4                uwTick
 COMMON         0x00000000200000e8       0x58 Src/spi.o
                0x00000000200000e8                hspi1
 COMMON         0x0000000020000140       0x40 Src/usart.o
                0x0000000020000140                huart2
 COMMON         0x0000000020000180        0x4 /home/tpv/Ac6/SystemWorkbench/plugins/fr.ac6.mcu.externaltools.arm-none.linux64_1.15.0.201708311556/tools/compiler/bin/../lib/gcc/arm-none-eabi/6.3.1/../../../../arm-none-eabi/lib/thumb/v7-m/libc_nano.a(lib_a-reent.o)
                0x0000000020000180                errno
                0x0000000020000184                . = ALIGN (0x4)
                0x0000000020000184                _ebss = .
                0x0000000020000184                __bss_end__ = _ebss

._user_heap_stack
                0x0000000020000184      0x604 load address 0x0000000008002dc0
                0x0000000020000188                . = ALIGN (0x8)
 *fill*         0x0000000020000184        0x4 
                0x0000000020000188                PROVIDE (end, .)
                [!provide]                        PROVIDE (_end, .)
                0x0000000020000388                . = (. + _Min_Heap_Size)
 *fill*         0x0000000020000188      0x200 
                0x0000000020000788                . = (. + _Min_Stack_Size)
 *fill*         0x0000000020000388      0x400 
                0x0000000020000788                . = ALIGN (0x8)

/DISCARD/
 libc.a(*)
 libm.a(*)
 libgcc.a(*)

.ARM.attributes
                0x0000000000000000       0x29
 *(.ARM.attributes)
 .ARM.attributes
                0x0000000000000000       0x1d /home/tpv/Ac6/SystemWorkbench/plugins/fr.ac6.mcu.externaltools.arm-none.linux64_1.15.0.201708311556/tools/compiler/bin/../lib/gcc/arm-none-eabi/6.3.1/thumb/v7-m/crti.o
 .ARM.attributes
                0x000000000000001d       0x2d /home/tpv/Ac6/SystemWorkbench/plugins/fr.ac6.mcu.externaltools.arm-none.linux64_1.15.0.201708311556/tools/compiler/bin/../lib/gcc/arm-none-eabi/6.3.1/thumb/v7-m/crtbegin.o
 .ARM.attributes
                0x000000000000004a       0x33 Drivers/STM32F1xx_HAL_Driver/Src/stm32f1xx_hal.o
 .ARM.attributes
                0x000000000000007d       0x33 Drivers/STM32F1xx_HAL_Driver/Src/stm32f1xx_hal_cortex.o
 .ARM.attributes
                0x00000000000000b0       0x33 Drivers/STM32F1xx_HAL_Driver/Src/stm32f1xx_hal_gpio.o
 .ARM.attributes
                0x00000000000000e3       0x33 Drivers/STM32F1xx_HAL_Driver/Src/stm32f1xx_hal_rcc.o
 .ARM.attributes
                0x0000000000000116       0x33 Drivers/STM32F1xx_HAL_Driver/Src/stm32f1xx_hal_spi.o
 .ARM.attributes
                0x0000000000000149       0x33 Drivers/STM32F1xx_HAL_Driver/Src/stm32f1xx_hal_spi_ex.o
 .ARM.attributes
                0x000000000000017c       0x33 Drivers/STM32F1xx_HAL_Driver/Src/stm32f1xx_hal_uart.o
 .ARM.attributes
                0x00000000000001af       0x33 Src/dweet.o
 .ARM.attributes
                0x00000000000001e2       0x33 Src/gpio.o
 .ARM.attributes
                0x0000000000000215       0x33 Src/main.o
 .ARM.attributes
                0x0000000000000248       0x33 Src/spi.o
 .ARM.attributes
                0x000000000000027b       0x33 Src/stm32f1xx_hal_msp.o
 .ARM.attributes
                0x00000000000002ae       0x33 Src/stm32f1xx_it.o
 .ARM.attributes
                0x00000000000002e1       0x33 Src/system_stm32f1xx.o
 .ARM.attributes
                0x0000000000000314       0x33 Src/usart.o
 .ARM.attributes
                0x0000000000000347       0x33 Src/wiznet_ll.o
 .ARM.attributes
                0x000000000000037a       0x33 ioLibrary_Driver/Ethernet/W5100/w5100.o
 .ARM.attributes
                0x00000000000003ad       0x33 ioLibrary_Driver/Ethernet/socket.o
 .ARM.attributes
                0x00000000000003e0       0x33 ioLibrary_Driver/Ethernet/wizchip_conf.o
 .ARM.attributes
                0x0000000000000413       0x21 startup/startup_stm32f103xb.o
 .ARM.attributes
                0x0000000000000434       0x2d /home/tpv/Ac6/SystemWorkbench/plugins/fr.ac6.mcu.externaltools.arm-none.linux64_1.15.0.201708311556/tools/compiler/bin/../lib/gcc/arm-none-eabi/6.3.1/../../../../arm-none-eabi/lib/thumb/v7-m/libc_nano.a(lib_a-impure.o)
 .ARM.attributes
                0x0000000000000461       0x2d /home/tpv/Ac6/SystemWorkbench/plugins/fr.ac6.mcu.externaltools.arm-none.linux64_1.15.0.201708311556/tools/compiler/bin/../lib/gcc/arm-none-eabi/6.3.1/../../../../arm-none-eabi/lib/thumb/v7-m/libc_nano.a(lib_a-init.o)
 .ARM.attributes
                0x000000000000048e       0x2d /home/tpv/Ac6/SystemWorkbench/plugins/fr.ac6.mcu.externaltools.arm-none.linux64_1.15.0.201708311556/tools/compiler/bin/../lib/gcc/arm-none-eabi/6.3.1/../../../../arm-none-eabi/lib/thumb/v7-m/libc_nano.a(lib_a-memcpy-stub.o)
 .ARM.attributes
                0x00000000000004bb       0x2d /home/tpv/Ac6/SystemWorkbench/plugins/fr.ac6.mcu.externaltools.arm-none.linux64_1.15.0.201708311556/tools/compiler/bin/../lib/gcc/arm-none-eabi/6.3.1/../../../../arm-none-eabi/lib/thumb/v7-m/libc_nano.a(lib_a-memset.o)
 .ARM.attributes
                0x00000000000004e8       0x2d /home/tpv/Ac6/SystemWorkbench/plugins/fr.ac6.mcu.externaltools.arm-none.linux64_1.15.0.201708311556/tools/compiler/bin/../lib/gcc/arm-none-eabi/6.3.1/../../../../arm-none-eabi/lib/thumb/v7-m/libc_nano.a(lib_a-nano-freer.o)
 .ARM.attributes
                0x0000000000000515       0x2d /home/tpv/Ac6/SystemWorkbench/plugins/fr.ac6.mcu.externaltools.arm-none.linux64_1.15.0.201708311556/tools/compiler/bin/../lib/gcc/arm-none-eabi/6.3.1/../../../../arm-none-eabi/lib/thumb/v7-m/libc_nano.a(lib_a-nano-mallocr.o)
 .ARM.attributes
                0x0000000000000542       0x2d /home/tpv/Ac6/SystemWorkbench/plugins/fr.ac6.mcu.externaltools.arm-none.linux64_1.15.0.201708311556/tools/compiler/bin/../lib/gcc/arm-none-eabi/6.3.1/../../../../arm-none-eabi/lib/thumb/v7-m/libc_nano.a(lib_a-sbrkr.o)
 .ARM.attributes
                0x000000000000056f       0x2d /home/tpv/Ac6/SystemWorkbench/plugins/fr.ac6.mcu.externaltools.arm-none.linux64_1.15.0.201708311556/tools/compiler/bin/../lib/gcc/arm-none-eabi/6.3.1/../../../../arm-none-eabi/lib/thumb/v7-m/libc_nano.a(lib_a-sprintf.o)
 .ARM.attributes
                0x000000000000059c       0x17 /home/tpv/Ac6/SystemWorkbench/plugins/fr.ac6.mcu.externaltools.arm-none.linux64_1.15.0.201708311556/tools/compiler/bin/../lib/gcc/arm-none-eabi/6.3.1/../../../../arm-none-eabi/lib/thumb/v7-m/libc_nano.a(lib_a-strlen.o)
 .ARM.attributes
                0x00000000000005b3       0x2d /home/tpv/Ac6/SystemWorkbench/plugins/fr.ac6.mcu.externaltools.arm-none.linux64_1.15.0.201708311556/tools/compiler/bin/../lib/gcc/arm-none-eabi/6.3.1/../../../../arm-none-eabi/lib/thumb/v7-m/libc_nano.a(lib_a-findfp.o)
 .ARM.attributes
                0x00000000000005e0       0x2d /home/tpv/Ac6/SystemWorkbench/plugins/fr.ac6.mcu.externaltools.arm-none.linux64_1.15.0.201708311556/tools/compiler/bin/../lib/gcc/arm-none-eabi/6.3.1/../../../../arm-none-eabi/lib/thumb/v7-m/libc_nano.a(lib_a-mlock.o)
 .ARM.attributes
                0x000000000000060d       0x2d /home/tpv/Ac6/SystemWorkbench/plugins/fr.ac6.mcu.externaltools.arm-none.linux64_1.15.0.201708311556/tools/compiler/bin/../lib/gcc/arm-none-eabi/6.3.1/../../../../arm-none-eabi/lib/thumb/v7-m/libc_nano.a(lib_a-nano-svfprintf.o)
 .ARM.attributes
                0x000000000000063a       0x2d /home/tpv/Ac6/SystemWorkbench/plugins/fr.ac6.mcu.externaltools.arm-none.linux64_1.15.0.201708311556/tools/compiler/bin/../lib/gcc/arm-none-eabi/6.3.1/../../../../arm-none-eabi/lib/thumb/v7-m/libc_nano.a(lib_a-nano-vfprintf_i.o)
 .ARM.attributes
                0x0000000000000667       0x2d /home/tpv/Ac6/SystemWorkbench/plugins/fr.ac6.mcu.externaltools.arm-none.linux64_1.15.0.201708311556/tools/compiler/bin/../lib/gcc/arm-none-eabi/6.3.1/../../../../arm-none-eabi/lib/thumb/v7-m/libc_nano.a(lib_a-reent.o)
 .ARM.attributes
                0x0000000000000694       0x2d /home/tpv/Ac6/SystemWorkbench/plugins/fr.ac6.mcu.externaltools.arm-none.linux64_1.15.0.201708311556/tools/compiler/bin/../lib/gcc/arm-none-eabi/6.3.1/../../../../arm-none-eabi/lib/thumb/v7-m/libc_nano.a(lib_a-memchr-stub.o)
 .ARM.attributes
                0x00000000000006c1       0x2d /home/tpv/Ac6/SystemWorkbench/plugins/fr.ac6.mcu.externaltools.arm-none.linux64_1.15.0.201708311556/tools/compiler/bin/../lib/gcc/arm-none-eabi/6.3.1/../../../../arm-none-eabi/lib/thumb/v7-m/libc_nano.a(lib_a-memmove.o)
 .ARM.attributes
                0x00000000000006ee       0x2d /home/tpv/Ac6/SystemWorkbench/plugins/fr.ac6.mcu.externaltools.arm-none.linux64_1.15.0.201708311556/tools/compiler/bin/../lib/gcc/arm-none-eabi/6.3.1/../../../../arm-none-eabi/lib/thumb/v7-m/libc_nano.a(lib_a-nano-reallocr.o)
 .ARM.attributes
                0x000000000000071b       0x2d /home/tpv/Ac6/SystemWorkbench/plugins/fr.ac6.mcu.externaltools.arm-none.linux64_1.15.0.201708311556/tools/compiler/bin/../lib/gcc/arm-none-eabi/6.3.1/../../../../arm-none-eabi/lib/thumb/v7-m/libc_nano.a(lib_a-nano-msizer.o)
 .ARM.attributes
                0x0000000000000748       0x2d /home/tpv/Ac6/SystemWorkbench/plugins/fr.ac6.mcu.externaltools.arm-none.linux64_1.15.0.201708311556/tools/compiler/bin/../lib/gcc/arm-none-eabi/6.3.1/../../../../arm-none-eabi/lib/thumb/v7-m/libnosys.a(sbrk.o)
 .ARM.attributes
                0x0000000000000775       0x1d /home/tpv/Ac6/SystemWorkbench/plugins/fr.ac6.mcu.externaltools.arm-none.linux64_1.15.0.201708311556/tools/compiler/bin/../lib/gcc/arm-none-eabi/6.3.1/thumb/v7-m/crtn.o
OUTPUT(wiznet5100.elf elf32-littlearm)

.debug_info     0x0000000000000000    0x14446
 .debug_info    0x0000000000000000      0xfaa Drivers/STM32F1xx_HAL_Driver/Src/stm32f1xx_hal.o
 .debug_info    0x0000000000000faa     0x147b Drivers/STM32F1xx_HAL_Driver/Src/stm32f1xx_hal_cortex.o
 .debug_info    0x0000000000002425      0xe8b Drivers/STM32F1xx_HAL_Driver/Src/stm32f1xx_hal_gpio.o
 .debug_info    0x00000000000032b0     0x11f3 Drivers/STM32F1xx_HAL_Driver/Src/stm32f1xx_hal_rcc.o
 .debug_info    0x00000000000044a3     0x2150 Drivers/STM32F1xx_HAL_Driver/Src/stm32f1xx_hal_spi.o
 .debug_info    0x00000000000065f3      0xe28 Drivers/STM32F1xx_HAL_Driver/Src/stm32f1xx_hal_spi_ex.o
 .debug_info    0x000000000000741b     0x1e7e Drivers/STM32F1xx_HAL_Driver/Src/stm32f1xx_hal_uart.o
 .debug_info    0x0000000000009299      0xe85 Src/dweet.o
 .debug_info    0x000000000000a11e      0xc9d Src/gpio.o
 .debug_info    0x000000000000adbb     0x1730 Src/main.o
 .debug_info    0x000000000000c4eb     0x1073 Src/spi.o
 .debug_info    0x000000000000d55e      0xcd6 Src/stm32f1xx_hal_msp.o
 .debug_info    0x000000000000e234      0xa0b Src/stm32f1xx_it.o
 .debug_info    0x000000000000ec3f      0xc1b Src/system_stm32f1xx.o
 .debug_info    0x000000000000f85a     0x1014 Src/usart.o
 .debug_info    0x000000000001086e      0xf53 Src/wiznet_ll.o
 .debug_info    0x00000000000117c1      0xa23 ioLibrary_Driver/Ethernet/W5100/w5100.o
 .debug_info    0x00000000000121e4     0x1361 ioLibrary_Driver/Ethernet/socket.o
 .debug_info    0x0000000000013545      0xe83 ioLibrary_Driver/Ethernet/wizchip_conf.o
 .debug_info    0x00000000000143c8       0x7e startup/startup_stm32f103xb.o

.debug_abbrev   0x0000000000000000     0x3171
 .debug_abbrev  0x0000000000000000      0x2f2 Drivers/STM32F1xx_HAL_Driver/Src/stm32f1xx_hal.o
 .debug_abbrev  0x00000000000002f2      0x3cb Drivers/STM32F1xx_HAL_Driver/Src/stm32f1xx_hal_cortex.o
 .debug_abbrev  0x00000000000006bd      0x2a5 Drivers/STM32F1xx_HAL_Driver/Src/stm32f1xx_hal_gpio.o
 .debug_abbrev  0x0000000000000962      0x333 Drivers/STM32F1xx_HAL_Driver/Src/stm32f1xx_hal_rcc.o
 .debug_abbrev  0x0000000000000c95      0x2df Drivers/STM32F1xx_HAL_Driver/Src/stm32f1xx_hal_spi.o
 .debug_abbrev  0x0000000000000f74      0x207 Drivers/STM32F1xx_HAL_Driver/Src/stm32f1xx_hal_spi_ex.o
 .debug_abbrev  0x000000000000117b      0x306 Drivers/STM32F1xx_HAL_Driver/Src/stm32f1xx_hal_uart.o
 .debug_abbrev  0x0000000000001481      0x2bf Src/dweet.o
 .debug_abbrev  0x0000000000001740      0x238 Src/gpio.o
 .debug_abbrev  0x0000000000001978      0x2be Src/main.o
 .debug_abbrev  0x0000000000001c36      0x256 Src/spi.o
 .debug_abbrev  0x0000000000001e8c      0x232 Src/stm32f1xx_hal_msp.o
 .debug_abbrev  0x00000000000020be      0x1e7 Src/stm32f1xx_it.o
 .debug_abbrev  0x00000000000022a5      0x226 Src/system_stm32f1xx.o
 .debug_abbrev  0x00000000000024cb      0x256 Src/usart.o
 .debug_abbrev  0x0000000000002721      0x265 Src/wiznet_ll.o
 .debug_abbrev  0x0000000000002986      0x271 ioLibrary_Driver/Ethernet/W5100/w5100.o
 .debug_abbrev  0x0000000000002bf7      0x255 ioLibrary_Driver/Ethernet/socket.o
 .debug_abbrev  0x0000000000002e4c      0x313 ioLibrary_Driver/Ethernet/wizchip_conf.o
 .debug_abbrev  0x000000000000315f       0x12 startup/startup_stm32f103xb.o

.debug_loc      0x0000000000000000     0x5f8d
 .debug_loc     0x0000000000000000      0x108 Drivers/STM32F1xx_HAL_Driver/Src/stm32f1xx_hal.o
 .debug_loc     0x0000000000000108      0x5ad Drivers/STM32F1xx_HAL_Driver/Src/stm32f1xx_hal_cortex.o
 .debug_loc     0x00000000000006b5      0x42d Drivers/STM32F1xx_HAL_Driver/Src/stm32f1xx_hal_gpio.o
 .debug_loc     0x0000000000000ae2      0x4d1 Drivers/STM32F1xx_HAL_Driver/Src/stm32f1xx_hal_rcc.o
 .debug_loc     0x0000000000000fb3     0x19a5 Drivers/STM32F1xx_HAL_Driver/Src/stm32f1xx_hal_spi.o
 .debug_loc     0x0000000000002958       0x4d Drivers/STM32F1xx_HAL_Driver/Src/stm32f1xx_hal_spi_ex.o
 .debug_loc     0x00000000000029a5     0x1515 Drivers/STM32F1xx_HAL_Driver/Src/stm32f1xx_hal_uart.o
 .debug_loc     0x0000000000003eba       0x6c Src/dweet.o
 .debug_loc     0x0000000000003f26       0x24 Src/gpio.o
 .debug_loc     0x0000000000003f4a       0x5b Src/spi.o
 .debug_loc     0x0000000000003fa5       0xdf Src/system_stm32f1xx.o
 .debug_loc     0x0000000000004084       0x5b Src/usart.o
 .debug_loc     0x00000000000040df       0x1f Src/wiznet_ll.o
 .debug_loc     0x00000000000040fe      0x670 ioLibrary_Driver/Ethernet/W5100/w5100.o
 .debug_loc     0x000000000000476e     0x11b4 ioLibrary_Driver/Ethernet/socket.o
 .debug_loc     0x0000000000005922      0x66b ioLibrary_Driver/Ethernet/wizchip_conf.o

.debug_aranges  0x0000000000000000      0x9d0
 .debug_aranges
                0x0000000000000000       0xd0 Drivers/STM32F1xx_HAL_Driver/Src/stm32f1xx_hal.o
 .debug_aranges
                0x00000000000000d0       0x90 Drivers/STM32F1xx_HAL_Driver/Src/stm32f1xx_hal_cortex.o
 .debug_aranges
                0x0000000000000160       0x58 Drivers/STM32F1xx_HAL_Driver/Src/stm32f1xx_hal_gpio.o
 .debug_aranges
                0x00000000000001b8       0x90 Drivers/STM32F1xx_HAL_Driver/Src/stm32f1xx_hal_rcc.o
 .debug_aranges
                0x0000000000000248      0x1d0 Drivers/STM32F1xx_HAL_Driver/Src/stm32f1xx_hal_spi.o
 .debug_aranges
                0x0000000000000418       0x20 Drivers/STM32F1xx_HAL_Driver/Src/stm32f1xx_hal_spi_ex.o
 .debug_aranges
                0x0000000000000438      0x1d0 Drivers/STM32F1xx_HAL_Driver/Src/stm32f1xx_hal_uart.o
 .debug_aranges
                0x0000000000000608       0x20 Src/dweet.o
 .debug_aranges
                0x0000000000000628       0x20 Src/gpio.o
 .debug_aranges
                0x0000000000000648       0x30 Src/main.o
 .debug_aranges
                0x0000000000000678       0x30 Src/spi.o
 .debug_aranges
                0x00000000000006a8       0x20 Src/stm32f1xx_hal_msp.o
 .debug_aranges
                0x00000000000006c8       0x60 Src/stm32f1xx_it.o
 .debug_aranges
                0x0000000000000728       0x28 Src/system_stm32f1xx.o
 .debug_aranges
                0x0000000000000750       0x30 Src/usart.o
 .debug_aranges
                0x0000000000000780       0x38 Src/wiznet_ll.o
 .debug_aranges
                0x00000000000007b8       0x70 ioLibrary_Driver/Ethernet/W5100/w5100.o
 .debug_aranges
                0x0000000000000828       0x78 ioLibrary_Driver/Ethernet/socket.o
 .debug_aranges
                0x00000000000008a0      0x108 ioLibrary_Driver/Ethernet/wizchip_conf.o
 .debug_aranges
                0x00000000000009a8       0x28 startup/startup_stm32f103xb.o

.debug_ranges   0x0000000000000000      0x930
 .debug_ranges  0x0000000000000000       0xc0 Drivers/STM32F1xx_HAL_Driver/Src/stm32f1xx_hal.o
 .debug_ranges  0x00000000000000c0       0xe0 Drivers/STM32F1xx_HAL_Driver/Src/stm32f1xx_hal_cortex.o
 .debug_ranges  0x00000000000001a0       0x48 Drivers/STM32F1xx_HAL_Driver/Src/stm32f1xx_hal_gpio.o
 .debug_ranges  0x00000000000001e8       0xa0 Drivers/STM32F1xx_HAL_Driver/Src/stm32f1xx_hal_rcc.o
 .debug_ranges  0x0000000000000288      0x1c0 Drivers/STM32F1xx_HAL_Driver/Src/stm32f1xx_hal_spi.o
 .debug_ranges  0x0000000000000448       0x10 Drivers/STM32F1xx_HAL_Driver/Src/stm32f1xx_hal_spi_ex.o
 .debug_ranges  0x0000000000000458      0x1c0 Drivers/STM32F1xx_HAL_Driver/Src/stm32f1xx_hal_uart.o
 .debug_ranges  0x0000000000000618       0x10 Src/dweet.o
 .debug_ranges  0x0000000000000628       0x10 Src/gpio.o
 .debug_ranges  0x0000000000000638       0x20 Src/main.o
 .debug_ranges  0x0000000000000658       0x20 Src/spi.o
 .debug_ranges  0x0000000000000678       0x10 Src/stm32f1xx_hal_msp.o
 .debug_ranges  0x0000000000000688       0x50 Src/stm32f1xx_it.o
 .debug_ranges  0x00000000000006d8       0x18 Src/system_stm32f1xx.o
 .debug_ranges  0x00000000000006f0       0x20 Src/usart.o
 .debug_ranges  0x0000000000000710       0x28 Src/wiznet_ll.o
 .debug_ranges  0x0000000000000738       0x60 ioLibrary_Driver/Ethernet/W5100/w5100.o
 .debug_ranges  0x0000000000000798       0x80 ioLibrary_Driver/Ethernet/socket.o
 .debug_ranges  0x0000000000000818       0xf8 ioLibrary_Driver/Ethernet/wizchip_conf.o
 .debug_ranges  0x0000000000000910       0x20 startup/startup_stm32f103xb.o

.debug_macro    0x0000000000000000    0x166de
 .debug_macro   0x0000000000000000      0x300 Drivers/STM32F1xx_HAL_Driver/Src/stm32f1xx_hal.o
 .debug_macro   0x0000000000000300      0x8bc Drivers/STM32F1xx_HAL_Driver/Src/stm32f1xx_hal.o
 .debug_macro   0x0000000000000bbc       0x10 Drivers/STM32F1xx_HAL_Driver/Src/stm32f1xx_hal.o
 .debug_macro   0x0000000000000bcc      0x169 Drivers/STM32F1xx_HAL_Driver/Src/stm32f1xx_hal.o
 .debug_macro   0x0000000000000d35       0x2e Drivers/STM32F1xx_HAL_Driver/Src/stm32f1xx_hal.o
 .debug_macro   0x0000000000000d63       0x22 Drivers/STM32F1xx_HAL_Driver/Src/stm32f1xx_hal.o
 .debug_macro   0x0000000000000d85       0x22 Drivers/STM32F1xx_HAL_Driver/Src/stm32f1xx_hal.o
 .debug_macro   0x0000000000000da7       0x87 Drivers/STM32F1xx_HAL_Driver/Src/stm32f1xx_hal.o
 .debug_macro   0x0000000000000e2e       0x51 Drivers/STM32F1xx_HAL_Driver/Src/stm32f1xx_hal.o
 .debug_macro   0x0000000000000e7f       0xef Drivers/STM32F1xx_HAL_Driver/Src/stm32f1xx_hal.o
 .debug_macro   0x0000000000000f6e       0x6a Drivers/STM32F1xx_HAL_Driver/Src/stm32f1xx_hal.o
 .debug_macro   0x0000000000000fd8      0x1df Drivers/STM32F1xx_HAL_Driver/Src/stm32f1xx_hal.o
 .debug_macro   0x00000000000011b7       0x34 Drivers/STM32F1xx_HAL_Driver/Src/stm32f1xx_hal.o
 .debug_macro   0x00000000000011eb       0x34 Drivers/STM32F1xx_HAL_Driver/Src/stm32f1xx_hal.o
 .debug_macro   0x000000000000121f      0xb8e Drivers/STM32F1xx_HAL_Driver/Src/stm32f1xx_hal.o
 .debug_macro   0x0000000000001dad     0xe90a Drivers/STM32F1xx_HAL_Driver/Src/stm32f1xx_hal.o
 .debug_macro   0x00000000000106b7       0x43 Drivers/STM32F1xx_HAL_Driver/Src/stm32f1xx_hal.o
 .debug_macro   0x00000000000106fa       0x58 Drivers/STM32F1xx_HAL_Driver/Src/stm32f1xx_hal.o
 .debug_macro   0x0000000000010752       0x35 Drivers/STM32F1xx_HAL_Driver/Src/stm32f1xx_hal.o
 .debug_macro   0x0000000000010787       0x9c Drivers/STM32F1xx_HAL_Driver/Src/stm32f1xx_hal.o
 .debug_macro   0x0000000000010823       0x16 Drivers/STM32F1xx_HAL_Driver/Src/stm32f1xx_hal.o
 .debug_macro   0x0000000000010839       0x97 Drivers/STM32F1xx_HAL_Driver/Src/stm32f1xx_hal.o
 .debug_macro   0x00000000000108d0      0x330 Drivers/STM32F1xx_HAL_Driver/Src/stm32f1xx_hal.o
 .debug_macro   0x0000000000010c00       0xfd Drivers/STM32F1xx_HAL_Driver/Src/stm32f1xx_hal.o
 .debug_macro   0x0000000000010cfd       0x10 Drivers/STM32F1xx_HAL_Driver/Src/stm32f1xx_hal.o
 .debug_macro   0x0000000000010d0d       0x58 Drivers/STM32F1xx_HAL_Driver/Src/stm32f1xx_hal.o
 .debug_macro   0x0000000000010d65       0x1f Drivers/STM32F1xx_HAL_Driver/Src/stm32f1xx_hal.o
 .debug_macro   0x0000000000010d84       0x43 Drivers/STM32F1xx_HAL_Driver/Src/stm32f1xx_hal.o
 .debug_macro   0x0000000000010dc7       0x20 Drivers/STM32F1xx_HAL_Driver/Src/stm32f1xx_hal.o
 .debug_macro   0x0000000000010de7      0x187 Drivers/STM32F1xx_HAL_Driver/Src/stm32f1xx_hal.o
 .debug_macro   0x0000000000010f6e       0x10 Drivers/STM32F1xx_HAL_Driver/Src/stm32f1xx_hal.o
 .debug_macro   0x0000000000010f7e       0x1c Drivers/STM32F1xx_HAL_Driver/Src/stm32f1xx_hal.o
 .debug_macro   0x0000000000010f9a       0x52 Drivers/STM32F1xx_HAL_Driver/Src/stm32f1xx_hal.o
 .debug_macro   0x0000000000010fec       0x40 Drivers/STM32F1xx_HAL_Driver/Src/stm32f1xx_hal.o
 .debug_macro   0x000000000001102c       0x10 Drivers/STM32F1xx_HAL_Driver/Src/stm32f1xx_hal.o
 .debug_macro   0x000000000001103c       0x40 Drivers/STM32F1xx_HAL_Driver/Src/stm32f1xx_hal.o
 .debug_macro   0x000000000001107c       0xd7 Drivers/STM32F1xx_HAL_Driver/Src/stm32f1xx_hal.o
 .debug_macro   0x0000000000011153       0x16 Drivers/STM32F1xx_HAL_Driver/Src/stm32f1xx_hal.o
 .debug_macro   0x0000000000011169      0x18b Drivers/STM32F1xx_HAL_Driver/Src/stm32f1xx_hal.o
 .debug_macro   0x00000000000112f4       0x50 Drivers/STM32F1xx_HAL_Driver/Src/stm32f1xx_hal.o
 .debug_macro   0x0000000000011344      0x5c2 Drivers/STM32F1xx_HAL_Driver/Src/stm32f1xx_hal.o
 .debug_macro   0x0000000000011906      0x28a Drivers/STM32F1xx_HAL_Driver/Src/stm32f1xx_hal.o
 .debug_macro   0x0000000000011b90      0x1cb Drivers/STM32F1xx_HAL_Driver/Src/stm32f1xx_hal.o
 .debug_macro   0x0000000000011d5b      0x11e Drivers/STM32F1xx_HAL_Driver/Src/stm32f1xx_hal.o
 .debug_macro   0x0000000000011e79      0x1b3 Drivers/STM32F1xx_HAL_Driver/Src/stm32f1xx_hal.o
 .debug_macro   0x000000000001202c       0x27 Drivers/STM32F1xx_HAL_Driver/Src/stm32f1xx_hal.o
 .debug_macro   0x0000000000012053      0x1bc Drivers/STM32F1xx_HAL_Driver/Src/stm32f1xx_hal.o
 .debug_macro   0x000000000001220f       0x34 Drivers/STM32F1xx_HAL_Driver/Src/stm32f1xx_hal.o
 .debug_macro   0x0000000000012243       0x3c Drivers/STM32F1xx_HAL_Driver/Src/stm32f1xx_hal.o
 .debug_macro   0x000000000001227f       0x57 Drivers/STM32F1xx_HAL_Driver/Src/stm32f1xx_hal.o
 .debug_macro   0x00000000000122d6       0x8c Drivers/STM32F1xx_HAL_Driver/Src/stm32f1xx_hal.o
 .debug_macro   0x0000000000012362      0x242 Drivers/STM32F1xx_HAL_Driver/Src/stm32f1xx_hal.o
 .debug_macro   0x00000000000125a4      0x143 Drivers/STM32F1xx_HAL_Driver/Src/stm32f1xx_hal.o
 .debug_macro   0x00000000000126e7      0x1f4 Drivers/STM32F1xx_HAL_Driver/Src/stm32f1xx_hal.o
 .debug_macro   0x00000000000128db      0x26b Drivers/STM32F1xx_HAL_Driver/Src/stm32f1xx_hal.o
 .debug_macro   0x0000000000012b46       0x83 Drivers/STM32F1xx_HAL_Driver/Src/stm32f1xx_hal.o
 .debug_macro   0x0000000000012bc9      0x2dc Drivers/STM32F1xx_HAL_Driver/Src/stm32f1xx_hal_cortex.o
 .debug_macro   0x0000000000012ea5      0x34c Drivers/STM32F1xx_HAL_Driver/Src/stm32f1xx_hal_gpio.o
 .debug_macro   0x00000000000131f1      0x2ee Drivers/STM32F1xx_HAL_Driver/Src/stm32f1xx_hal_rcc.o
 .debug_macro   0x00000000000134df      0x2e4 Drivers/STM32F1xx_HAL_Driver/Src/stm32f1xx_hal_spi.o
 .debug_macro   0x00000000000137c3      0x2dc Drivers/STM32F1xx_HAL_Driver/Src/stm32f1xx_hal_spi_ex.o
 .debug_macro   0x0000000000013a9f      0x2dd Drivers/STM32F1xx_HAL_Driver/Src/stm32f1xx_hal_uart.o
 .debug_macro   0x0000000000013d7c      0x377 Src/dweet.o
 .debug_macro   0x00000000000140f3       0x52 Src/dweet.o
 .debug_macro   0x0000000000014145       0x8d Src/dweet.o
 .debug_macro   0x00000000000141d2       0x57 Src/dweet.o
 .debug_macro   0x0000000000014229       0x16 Src/dweet.o
 .debug_macro   0x000000000001423f       0x35 Src/dweet.o
 .debug_macro   0x0000000000014274       0x16 Src/dweet.o
 .debug_macro   0x000000000001428a       0x29 Src/dweet.o
 .debug_macro   0x00000000000142b3       0x16 Src/dweet.o
 .debug_macro   0x00000000000142c9       0x10 Src/dweet.o
 .debug_macro   0x00000000000142d9       0x6a Src/dweet.o
 .debug_macro   0x0000000000014343      0x50e Src/dweet.o
 .debug_macro   0x0000000000014851       0x66 Src/dweet.o
 .debug_macro   0x00000000000148b7       0xbf Src/dweet.o
 .debug_macro   0x0000000000014976      0x16c Src/dweet.o
 .debug_macro   0x0000000000014ae2      0x2e6 Src/gpio.o
 .debug_macro   0x0000000000014dc8      0x3c8 Src/main.o
 .debug_macro   0x0000000000015190      0x2f0 Src/spi.o
 .debug_macro   0x0000000000015480      0x2dc Src/stm32f1xx_hal_msp.o
 .debug_macro   0x000000000001575c      0x2e6 Src/stm32f1xx_it.o
 .debug_macro   0x0000000000015a42      0x2e2 Src/system_stm32f1xx.o
 .debug_macro   0x0000000000015d24      0x2f0 Src/usart.o
 .debug_macro   0x0000000000016014      0x2ea Src/wiznet_ll.o
 .debug_macro   0x00000000000162fe       0x3a Src/wiznet_ll.o
 .debug_macro   0x0000000000016338       0x84 ioLibrary_Driver/Ethernet/W5100/w5100.o
 .debug_macro   0x00000000000163bc       0xb7 ioLibrary_Driver/Ethernet/socket.o
 .debug_macro   0x0000000000016473       0x64 ioLibrary_Driver/Ethernet/socket.o
 .debug_macro   0x00000000000164d7       0x93 ioLibrary_Driver/Ethernet/wizchip_conf.o
 .debug_macro   0x000000000001656a      0x174 ioLibrary_Driver/Ethernet/wizchip_conf.o

.debug_line     0x0000000000000000     0xa683
 .debug_line    0x0000000000000000      0x8e4 Drivers/STM32F1xx_HAL_Driver/Src/stm32f1xx_hal.o
 .debug_line    0x00000000000008e4      0x8e3 Drivers/STM32F1xx_HAL_Driver/Src/stm32f1xx_hal_cortex.o
 .debug_line    0x00000000000011c7      0x8e5 Drivers/STM32F1xx_HAL_Driver/Src/stm32f1xx_hal_gpio.o
 .debug_line    0x0000000000001aac      0x9f7 Drivers/STM32F1xx_HAL_Driver/Src/stm32f1xx_hal_rcc.o
 .debug_line    0x00000000000024a3     0x1122 Drivers/STM32F1xx_HAL_Driver/Src/stm32f1xx_hal_spi.o
 .debug_line    0x00000000000035c5      0x762 Drivers/STM32F1xx_HAL_Driver/Src/stm32f1xx_hal_spi_ex.o
 .debug_line    0x0000000000003d27     0x1015 Drivers/STM32F1xx_HAL_Driver/Src/stm32f1xx_hal_uart.o
 .debug_line    0x0000000000004d3c      0x8bf Src/dweet.o
 .debug_line    0x00000000000055fb      0x73d Src/gpio.o
 .debug_line    0x0000000000005d38      0x894 Src/main.o
 .debug_line    0x00000000000065cc      0x76e Src/spi.o
 .debug_line    0x0000000000006d3a      0x734 Src/stm32f1xx_hal_msp.o
 .debug_line    0x000000000000746e      0x7b9 Src/stm32f1xx_it.o
 .debug_line    0x0000000000007c27      0x768 Src/system_stm32f1xx.o
 .debug_line    0x000000000000838f      0x76f Src/usart.o
 .debug_line    0x0000000000008afe      0x76c Src/wiznet_ll.o
 .debug_line    0x000000000000926a      0x552 ioLibrary_Driver/Ethernet/W5100/w5100.o
 .debug_line    0x00000000000097bc      0x76e ioLibrary_Driver/Ethernet/socket.o
 .debug_line    0x0000000000009f2a      0x6dc ioLibrary_Driver/Ethernet/wizchip_conf.o
 .debug_line    0x000000000000a606       0x7d startup/startup_stm32f103xb.o

.debug_str      0x0000000000000000    0x6fd02
 .debug_str     0x0000000000000000    0x69f4d Drivers/STM32F1xx_HAL_Driver/Src/stm32f1xx_hal.o
                                      0x6a2f0 (size before relaxing)
 .debug_str     0x0000000000069f4d      0x2e1 Drivers/STM32F1xx_HAL_Driver/Src/stm32f1xx_hal_cortex.o
                                      0x6a245 (size before relaxing)
 .debug_str     0x000000000006a22e      0x3b0 Drivers/STM32F1xx_HAL_Driver/Src/stm32f1xx_hal_gpio.o
                                      0x69f8c (size before relaxing)
 .debug_str     0x000000000006a5de      0x368 Drivers/STM32F1xx_HAL_Driver/Src/stm32f1xx_hal_rcc.o
                                      0x69fe1 (size before relaxing)
 .debug_str     0x000000000006a946      0x8b4 Drivers/STM32F1xx_HAL_Driver/Src/stm32f1xx_hal_spi.o
                                      0x6a49e (size before relaxing)
 .debug_str     0x000000000006b1fa       0x3b Drivers/STM32F1xx_HAL_Driver/Src/stm32f1xx_hal_spi_ex.o
                                      0x69f6d (size before relaxing)
 .debug_str     0x000000000006b235      0x67b Drivers/STM32F1xx_HAL_Driver/Src/stm32f1xx_hal_uart.o
                                      0x6a4fa (size before relaxing)
 .debug_str     0x000000000006b8b0     0x30a8 Src/dweet.o
                                      0x6cc45 (size before relaxing)
 .debug_str     0x000000000006e958       0x35 Src/gpio.o
                                      0x69c5c (size before relaxing)
 .debug_str     0x000000000006e98d      0x84f Src/main.o
                                      0x6d3b2 (size before relaxing)
 .debug_str     0x000000000006f1dc       0x17 Src/spi.o
                                      0x6a020 (size before relaxing)
 .debug_str     0x000000000006f1f3       0x1b Src/stm32f1xx_hal_msp.o
                                      0x69ecd (size before relaxing)
 .debug_str     0x000000000006f20e       0xb8 Src/stm32f1xx_it.o
                                      0x69c06 (size before relaxing)
 .debug_str     0x000000000006f2c6       0x69 Src/system_stm32f1xx.o
                                      0x69c37 (size before relaxing)
 .debug_str     0x000000000006f32f       0x1a Src/usart.o
                                      0x6a009 (size before relaxing)
 .debug_str     0x000000000006f349       0x36 Src/wiznet_ll.o
                                      0x69f91 (size before relaxing)
 .debug_str     0x000000000006f37f      0x11c ioLibrary_Driver/Ethernet/W5100/w5100.o
                                       0x58fd (size before relaxing)
 .debug_str     0x000000000006f49b      0x38e ioLibrary_Driver/Ethernet/socket.o
                                       0x5f49 (size before relaxing)
 .debug_str     0x000000000006f829      0x4d9 ioLibrary_Driver/Ethernet/wizchip_conf.o
                                       0x60f6 (size before relaxing)

.comment        0x0000000000000000       0x7f
 .comment       0x0000000000000000       0x7f Drivers/STM32F1xx_HAL_Driver/Src/stm32f1xx_hal.o
                                         0x80 (size before relaxing)
 .comment       0x000000000000007f       0x80 Drivers/STM32F1xx_HAL_Driver/Src/stm32f1xx_hal_cortex.o
 .comment       0x000000000000007f       0x80 Drivers/STM32F1xx_HAL_Driver/Src/stm32f1xx_hal_gpio.o
 .comment       0x000000000000007f       0x80 Drivers/STM32F1xx_HAL_Driver/Src/stm32f1xx_hal_rcc.o
 .comment       0x000000000000007f       0x80 Drivers/STM32F1xx_HAL_Driver/Src/stm32f1xx_hal_spi.o
 .comment       0x000000000000007f       0x80 Drivers/STM32F1xx_HAL_Driver/Src/stm32f1xx_hal_spi_ex.o
 .comment       0x000000000000007f       0x80 Drivers/STM32F1xx_HAL_Driver/Src/stm32f1xx_hal_uart.o
 .comment       0x000000000000007f       0x80 Src/dweet.o
 .comment       0x000000000000007f       0x80 Src/gpio.o
 .comment       0x000000000000007f       0x80 Src/main.o
 .comment       0x000000000000007f       0x80 Src/spi.o
 .comment       0x000000000000007f       0x80 Src/stm32f1xx_hal_msp.o
 .comment       0x000000000000007f       0x80 Src/stm32f1xx_it.o
 .comment       0x000000000000007f       0x80 Src/system_stm32f1xx.o
 .comment       0x000000000000007f       0x80 Src/usart.o
 .comment       0x000000000000007f       0x80 Src/wiznet_ll.o
 .comment       0x000000000000007f       0x80 ioLibrary_Driver/Ethernet/W5100/w5100.o
 .comment       0x000000000000007f       0x80 ioLibrary_Driver/Ethernet/socket.o
 .comment       0x000000000000007f       0x80 ioLibrary_Driver/Ethernet/wizchip_conf.o

.debug_frame    0x0000000000000000     0x1e24
 .debug_frame   0x0000000000000000      0x1ac Drivers/STM32F1xx_HAL_Driver/Src/stm32f1xx_hal.o
 .debug_frame   0x00000000000001ac      0x12c Drivers/STM32F1xx_HAL_Driver/Src/stm32f1xx_hal_cortex.o
 .debug_frame   0x00000000000002d8       0xe4 Drivers/STM32F1xx_HAL_Driver/Src/stm32f1xx_hal_gpio.o
 .debug_frame   0x00000000000003bc      0x170 Drivers/STM32F1xx_HAL_Driver/Src/stm32f1xx_hal_rcc.o
 .debug_frame   0x000000000000052c      0x570 Drivers/STM32F1xx_HAL_Driver/Src/stm32f1xx_hal_spi.o
 .debug_frame   0x0000000000000a9c       0x2c Drivers/STM32F1xx_HAL_Driver/Src/stm32f1xx_hal_spi_ex.o
 .debug_frame   0x0000000000000ac8      0x4e8 Drivers/STM32F1xx_HAL_Driver/Src/stm32f1xx_hal_uart.o
 .debug_frame   0x0000000000000fb0       0x34 Src/dweet.o
 .debug_frame   0x0000000000000fe4       0x30 Src/gpio.o
 .debug_frame   0x0000000000001014       0x58 Src/main.o
 .debug_frame   0x000000000000106c       0x60 Src/spi.o
 .debug_frame   0x00000000000010cc       0x2c Src/stm32f1xx_hal_msp.o
 .debug_frame   0x00000000000010f8       0xa8 Src/stm32f1xx_it.o
 .debug_frame   0x00000000000011a0       0x30 Src/system_stm32f1xx.o
 .debug_frame   0x00000000000011d0       0x60 Src/usart.o
 .debug_frame   0x0000000000001230       0x78 Src/wiznet_ll.o
 .debug_frame   0x00000000000012a8      0x180 ioLibrary_Driver/Ethernet/W5100/w5100.o
 .debug_frame   0x0000000000001428      0x2a8 ioLibrary_Driver/Ethernet/socket.o
 .debug_frame   0x00000000000016d0      0x27c ioLibrary_Driver/Ethernet/wizchip_conf.o
 .debug_frame   0x000000000000194c       0x2c /home/tpv/Ac6/SystemWorkbench/plugins/fr.ac6.mcu.externaltools.arm-none.linux64_1.15.0.201708311556/tools/compiler/bin/../lib/gcc/arm-none-eabi/6.3.1/../../../../arm-none-eabi/lib/thumb/v7-m/libc_nano.a(lib_a-init.o)
 .debug_frame   0x0000000000001978       0x28 /home/tpv/Ac6/SystemWorkbench/plugins/fr.ac6.mcu.externaltools.arm-none.linux64_1.15.0.201708311556/tools/compiler/bin/../lib/gcc/arm-none-eabi/6.3.1/../../../../arm-none-eabi/lib/thumb/v7-m/libc_nano.a(lib_a-memcpy-stub.o)
 .debug_frame   0x00000000000019a0       0x20 /home/tpv/Ac6/SystemWorkbench/plugins/fr.ac6.mcu.externaltools.arm-none.linux64_1.15.0.201708311556/tools/compiler/bin/../lib/gcc/arm-none-eabi/6.3.1/../../../../arm-none-eabi/lib/thumb/v7-m/libc_nano.a(lib_a-memset.o)
 .debug_frame   0x00000000000019c0       0x38 /home/tpv/Ac6/SystemWorkbench/plugins/fr.ac6.mcu.externaltools.arm-none.linux64_1.15.0.201708311556/tools/compiler/bin/../lib/gcc/arm-none-eabi/6.3.1/../../../../arm-none-eabi/lib/thumb/v7-m/libc_nano.a(lib_a-nano-freer.o)
 .debug_frame   0x00000000000019f8       0x2c /home/tpv/Ac6/SystemWorkbench/plugins/fr.ac6.mcu.externaltools.arm-none.linux64_1.15.0.201708311556/tools/compiler/bin/../lib/gcc/arm-none-eabi/6.3.1/../../../../arm-none-eabi/lib/thumb/v7-m/libc_nano.a(lib_a-nano-mallocr.o)
 .debug_frame   0x0000000000001a24       0x2c /home/tpv/Ac6/SystemWorkbench/plugins/fr.ac6.mcu.externaltools.arm-none.linux64_1.15.0.201708311556/tools/compiler/bin/../lib/gcc/arm-none-eabi/6.3.1/../../../../arm-none-eabi/lib/thumb/v7-m/libc_nano.a(lib_a-sbrkr.o)
 .debug_frame   0x0000000000001a50       0x70 /home/tpv/Ac6/SystemWorkbench/plugins/fr.ac6.mcu.externaltools.arm-none.linux64_1.15.0.201708311556/tools/compiler/bin/../lib/gcc/arm-none-eabi/6.3.1/../../../../arm-none-eabi/lib/thumb/v7-m/libc_nano.a(lib_a-sprintf.o)
 .debug_frame   0x0000000000001ac0      0x11c /home/tpv/Ac6/SystemWorkbench/plugins/fr.ac6.mcu.externaltools.arm-none.linux64_1.15.0.201708311556/tools/compiler/bin/../lib/gcc/arm-none-eabi/6.3.1/../../../../arm-none-eabi/lib/thumb/v7-m/libc_nano.a(lib_a-findfp.o)
 .debug_frame   0x0000000000001bdc       0x30 /home/tpv/Ac6/SystemWorkbench/plugins/fr.ac6.mcu.externaltools.arm-none.linux64_1.15.0.201708311556/tools/compiler/bin/../lib/gcc/arm-none-eabi/6.3.1/../../../../arm-none-eabi/lib/thumb/v7-m/libc_nano.a(lib_a-mlock.o)
 .debug_frame   0x0000000000001c0c       0x90 /home/tpv/Ac6/SystemWorkbench/plugins/fr.ac6.mcu.externaltools.arm-none.linux64_1.15.0.201708311556/tools/compiler/bin/../lib/gcc/arm-none-eabi/6.3.1/../../../../arm-none-eabi/lib/thumb/v7-m/libc_nano.a(lib_a-nano-svfprintf.o)
 .debug_frame   0x0000000000001c9c       0x60 /home/tpv/Ac6/SystemWorkbench/plugins/fr.ac6.mcu.externaltools.arm-none.linux64_1.15.0.201708311556/tools/compiler/bin/../lib/gcc/arm-none-eabi/6.3.1/../../../../arm-none-eabi/lib/thumb/v7-m/libc_nano.a(lib_a-nano-vfprintf_i.o)
 .debug_frame   0x0000000000001cfc       0x5c /home/tpv/Ac6/SystemWorkbench/plugins/fr.ac6.mcu.externaltools.arm-none.linux64_1.15.0.201708311556/tools/compiler/bin/../lib/gcc/arm-none-eabi/6.3.1/../../../../arm-none-eabi/lib/thumb/v7-m/libc_nano.a(lib_a-reent.o)
 .debug_frame   0x0000000000001d58       0x28 /home/tpv/Ac6/SystemWorkbench/plugins/fr.ac6.mcu.externaltools.arm-none.linux64_1.15.0.201708311556/tools/compiler/bin/../lib/gcc/arm-none-eabi/6.3.1/../../../../arm-none-eabi/lib/thumb/v7-m/libc_nano.a(lib_a-memchr-stub.o)
 .debug_frame   0x0000000000001d80       0x28 /home/tpv/Ac6/SystemWorkbench/plugins/fr.ac6.mcu.externaltools.arm-none.linux64_1.15.0.201708311556/tools/compiler/bin/../lib/gcc/arm-none-eabi/6.3.1/../../../../arm-none-eabi/lib/thumb/v7-m/libc_nano.a(lib_a-memmove.o)
 .debug_frame   0x0000000000001da8       0x3c /home/tpv/Ac6/SystemWorkbench/plugins/fr.ac6.mcu.externaltools.arm-none.linux64_1.15.0.201708311556/tools/compiler/bin/../lib/gcc/arm-none-eabi/6.3.1/../../../../arm-none-eabi/lib/thumb/v7-m/libc_nano.a(lib_a-nano-reallocr.o)
 .debug_frame   0x0000000000001de4       0x20 /home/tpv/Ac6/SystemWorkbench/plugins/fr.ac6.mcu.externaltools.arm-none.linux64_1.15.0.201708311556/tools/compiler/bin/../lib/gcc/arm-none-eabi/6.3.1/../../../../arm-none-eabi/lib/thumb/v7-m/libc_nano.a(lib_a-nano-msizer.o)
 .debug_frame   0x0000000000001e04       0x20 /home/tpv/Ac6/SystemWorkbench/plugins/fr.ac6.mcu.externaltools.arm-none.linux64_1.15.0.201708311556/tools/compiler/bin/../lib/gcc/arm-none-eabi/6.3.1/../../../../arm-none-eabi/lib/thumb/v7-m/libnosys.a(sbrk.o)

.stabstr        0x0000000000000000      0x14d
 .stabstr       0x0000000000000000      0x14d /home/tpv/Ac6/SystemWorkbench/plugins/fr.ac6.mcu.externaltools.arm-none.linux64_1.15.0.201708311556/tools/compiler/bin/../lib/gcc/arm-none-eabi/6.3.1/../../../../arm-none-eabi/lib/thumb/v7-m/libnosys.a(close.o)
